Archive member included to satisfy reference by file (symbol)

/Users/Johnny/Documents/Projekt_RIOT/GPIO_REED_Kontakt/bin/samr21-xpro/core.a(sched.o)
                              /Users/Johnny/Documents/Projekt_RIOT/GPIO_REED_Kontakt/bin/samr21-xpro/newlib_syscalls_default/syscalls.o (sched_active_pid)
/Users/Johnny/Documents/Projekt_RIOT/GPIO_REED_Kontakt/bin/samr21-xpro/core.a(bitarithm.o)
                              /Users/Johnny/Documents/Projekt_RIOT/GPIO_REED_Kontakt/bin/samr21-xpro/core.a(sched.o) (bitarithm_lsb)
/Users/Johnny/Documents/Projekt_RIOT/GPIO_REED_Kontakt/bin/samr21-xpro/cortexm_common.a(thread_arch.o)
                              /Users/Johnny/Documents/Projekt_RIOT/GPIO_REED_Kontakt/bin/samr21-xpro/core.a(sched.o) (cpu_switch_context_exit)
/Users/Johnny/Documents/Projekt_RIOT/GPIO_REED_Kontakt/bin/samr21-xpro/cortexm_common.a(vectors_cortexm.o)
                              /Users/Johnny/Documents/Projekt_RIOT/GPIO_REED_Kontakt/bin/samr21-xpro/cpu/vectors.o (dummy_handler_default)
/Users/Johnny/Documents/Projekt_RIOT/GPIO_REED_Kontakt/bin/samr21-xpro/cortexm_common.a(irq_arch.o)
                              /Users/Johnny/Documents/Projekt_RIOT/GPIO_REED_Kontakt/bin/samr21-xpro/newlib_syscalls_default/syscalls.o (irq_disable)
/Users/Johnny/Documents/Projekt_RIOT/GPIO_REED_Kontakt/bin/samr21-xpro/pm_layered.a(pm.o)
                              /Users/Johnny/Documents/Projekt_RIOT/GPIO_REED_Kontakt/bin/samr21-xpro/newlib_syscalls_default/syscalls.o (pm_off)
/Users/Johnny/Documents/Projekt_RIOT/GPIO_REED_Kontakt/bin/samr21-xpro/uart_stdio.a(uart_stdio.o)
                              /Users/Johnny/Documents/Projekt_RIOT/GPIO_REED_Kontakt/bin/samr21-xpro/newlib_syscalls_default/syscalls.o (uart_stdio_init)
/Users/Johnny/Documents/Projekt_RIOT/GPIO_REED_Kontakt/bin/samr21-xpro/board.a(board.o)
                              /Users/Johnny/Documents/Projekt_RIOT/GPIO_REED_Kontakt/bin/samr21-xpro/cortexm_common.a(vectors_cortexm.o) (board_init)
/Users/Johnny/Documents/Projekt_RIOT/GPIO_REED_Kontakt/bin/samr21-xpro/core.a(kernel_init.o)
                              /Users/Johnny/Documents/Projekt_RIOT/GPIO_REED_Kontakt/bin/samr21-xpro/cortexm_common.a(vectors_cortexm.o) (kernel_init)
/Users/Johnny/Documents/Projekt_RIOT/GPIO_REED_Kontakt/bin/samr21-xpro/core.a(panic.o)
                              /Users/Johnny/Documents/Projekt_RIOT/GPIO_REED_Kontakt/bin/samr21-xpro/cortexm_common.a(vectors_cortexm.o) (core_panic)
/Users/Johnny/Documents/Projekt_RIOT/GPIO_REED_Kontakt/bin/samr21-xpro/core.a(thread.o)
                              /Users/Johnny/Documents/Projekt_RIOT/GPIO_REED_Kontakt/bin/samr21-xpro/core.a(kernel_init.o) (thread_create)
/Users/Johnny/Documents/Projekt_RIOT/GPIO_REED_Kontakt/bin/samr21-xpro/cpu.a(cpu.o)
                              /Users/Johnny/Documents/Projekt_RIOT/GPIO_REED_Kontakt/bin/samr21-xpro/board.a(board.o) (cpu_init)
/Users/Johnny/Documents/Projekt_RIOT/GPIO_REED_Kontakt/bin/samr21-xpro/isrpipe.a(isrpipe.o)
                              /Users/Johnny/Documents/Projekt_RIOT/GPIO_REED_Kontakt/bin/samr21-xpro/uart_stdio.a(uart_stdio.o) (isrpipe_write_one)
/Users/Johnny/Documents/Projekt_RIOT/GPIO_REED_Kontakt/bin/samr21-xpro/periph.a(pm.o)
                              /Users/Johnny/Documents/Projekt_RIOT/GPIO_REED_Kontakt/bin/samr21-xpro/pm_layered.a(pm.o) (pm_set)
/Users/Johnny/Documents/Projekt_RIOT/GPIO_REED_Kontakt/bin/samr21-xpro/ps.a(ps.o)
                              /Users/Johnny/Documents/Projekt_RIOT/GPIO_REED_Kontakt/bin/samr21-xpro/core.a(panic.o) (ps)
/Users/Johnny/Documents/Projekt_RIOT/GPIO_REED_Kontakt/bin/samr21-xpro/sam0_common_periph.a(gpio.o)
                              /Users/Johnny/Documents/Projekt_RIOT/GPIO_REED_Kontakt/bin/samr21-xpro/board.a(board.o) (gpio_init)
/Users/Johnny/Documents/Projekt_RIOT/GPIO_REED_Kontakt/bin/samr21-xpro/sam0_common_periph.a(uart.o)
                              /Users/Johnny/Documents/Projekt_RIOT/GPIO_REED_Kontakt/bin/samr21-xpro/uart_stdio.a(uart_stdio.o) (uart_init)
/Users/Johnny/Documents/Projekt_RIOT/GPIO_REED_Kontakt/bin/samr21-xpro/tsrb.a(tsrb.o)
                              /Users/Johnny/Documents/Projekt_RIOT/GPIO_REED_Kontakt/bin/samr21-xpro/isrpipe.a(isrpipe.o) (tsrb_get)
/Users/Johnny/Documents/Projekt_RIOT/GPIO_REED_Kontakt/bin/samr21-xpro/periph_common.a(init.o)
                              /Users/Johnny/Documents/Projekt_RIOT/GPIO_REED_Kontakt/bin/samr21-xpro/cpu.a(cpu.o) (periph_init)
/Users/Johnny/Documents/Projekt_RIOT/GPIO_REED_Kontakt/bin/samr21-xpro/GPIO_TEST.a(main.o)
                              /Users/Johnny/Documents/Projekt_RIOT/GPIO_REED_Kontakt/bin/samr21-xpro/core.a(kernel_init.o) (main)
/Users/Johnny/Documents/Projekt_RIOT/GPIO_REED_Kontakt/bin/samr21-xpro/auto_init.a(auto_init.o)
                              /Users/Johnny/Documents/Projekt_RIOT/GPIO_REED_Kontakt/bin/samr21-xpro/core.a(kernel_init.o) (auto_init)
[...]
Memory Configuration

Name             Origin             Length             Attributes
rom              0x0000000000000000 0x0000000000040000 xr
ram              0x0000000020000000 0x0000000000008000 xrw
*default*        0x0000000000000000 0xffffffffffffffff

Linker script and memory map

LOAD /Users/Johnny/Documents/Projekt_RIOT/GPIO_REED_Kontakt/bin/samr21-xpro/cpu/vectors.o
LOAD /Users/Johnny/Documents/Projekt_RIOT/GPIO_REED_Kontakt/bin/samr21-xpro/newlib_syscalls_default/syscalls.o
START GROUP
LOAD /Users/Johnny/Documents/Projekt_RIOT/GPIO_REED_Kontakt/bin/samr21-xpro/GPIO_TEST.a
LOAD /Users/Johnny/Documents/Projekt_RIOT/GPIO_REED_Kontakt/bin/samr21-xpro/auto_init.a
LOAD /Users/Johnny/Documents/Projekt_RIOT/GPIO_REED_Kontakt/bin/samr21-xpro/board.a
LOAD /Users/Johnny/Documents/Projekt_RIOT/GPIO_REED_Kontakt/bin/samr21-xpro/core.a
LOAD /Users/Johnny/Documents/Projekt_RIOT/GPIO_REED_Kontakt/bin/samr21-xpro/cortexm_common.a
LOAD /Users/Johnny/Documents/Projekt_RIOT/GPIO_REED_Kontakt/bin/samr21-xpro/cortexm_common_periph.a
LOAD /Users/Johnny/Documents/Projekt_RIOT/GPIO_REED_Kontakt/bin/samr21-xpro/cpu.a
LOAD /Users/Johnny/Documents/Projekt_RIOT/GPIO_REED_Kontakt/bin/samr21-xpro/isrpipe.a
LOAD /Users/Johnny/Documents/Projekt_RIOT/GPIO_REED_Kontakt/bin/samr21-xpro/newlib_syscalls_default.a
LOAD /Users/Johnny/Documents/Projekt_RIOT/GPIO_REED_Kontakt/bin/samr21-xpro/periph.a
LOAD /Users/Johnny/Documents/Projekt_RIOT/GPIO_REED_Kontakt/bin/samr21-xpro/pm_layered.a
LOAD /Users/Johnny/Documents/Projekt_RIOT/GPIO_REED_Kontakt/bin/samr21-xpro/ps.a
LOAD /Users/Johnny/Documents/Projekt_RIOT/GPIO_REED_Kontakt/bin/samr21-xpro/sam0_common_periph.a
LOAD /Users/Johnny/Documents/Projekt_RIOT/GPIO_REED_Kontakt/bin/samr21-xpro/shell.a
LOAD /Users/Johnny/Documents/Projekt_RIOT/GPIO_REED_Kontakt/bin/samr21-xpro/shell_commands.a
LOAD /Users/Johnny/Documents/Projekt_RIOT/GPIO_REED_Kontakt/bin/samr21-xpro/sys.a
LOAD /Users/Johnny/Documents/Projekt_RIOT/GPIO_REED_Kontakt/bin/samr21-xpro/tsrb.a
LOAD /Users/Johnny/Documents/Projekt_RIOT/GPIO_REED_Kontakt/bin/samr21-xpro/uart_stdio.a
LOAD /Users/Johnny/Documents/Projekt_RIOT/GPIO_REED_Kontakt/bin/samr21-xpro/periph_common.a
LOAD /usr/local/Caskroom/gcc-arm-embedded/6-2017-q2-update/gcc-arm-none-eabi-6-2017-q2-update/bin/../lib/gcc/arm-none-eabi/6.3.1/../../../../arm-none-eabi/lib/thumb/v6-m/libm.a
END GROUP
LOAD /usr/local/Caskroom/gcc-arm-embedded/6-2017-q2-update/gcc-arm-none-eabi-6-2017-q2-update/bin/../lib/gcc/arm-none-eabi/6.3.1/thumb/v6-m/libgcc.a
                0x0000000000000000                _rom_start_addr = 0x0
                0x0000000020000000                _ram_start_addr = 0x20000000
                0x0000000000040000                _rom_length = 0x40000
                0x0000000000008000                _ram_length = 0x8000
LOAD /usr/local/Caskroom/gcc-arm-embedded/6-2017-q2-update/gcc-arm-none-eabi-6-2017-q2-update/bin/../lib/gcc/arm-none-eabi/6.3.1/../../../../arm-none-eabi/lib/thumb/v6-m/libc_nano.a
LOAD /usr/local/Caskroom/gcc-arm-embedded/6-2017-q2-update/gcc-arm-none-eabi-6-2017-q2-update/bin/../lib/gcc/arm-none-eabi/6.3.1/../../../../arm-none-eabi/lib/thumb/v6-m/libnosys.a
START GROUP
LOAD /usr/local/Caskroom/gcc-arm-embedded/6-2017-q2-update/gcc-arm-none-eabi-6-2017-q2-update/bin/../lib/gcc/arm-none-eabi/6.3.1/thumb/v6-m/libgcc.a
LOAD /usr/local/Caskroom/gcc-arm-embedded/6-2017-q2-update/gcc-arm-none-eabi-6-2017-q2-update/bin/../lib/gcc/arm-none-eabi/6.3.1/../../../../arm-none-eabi/lib/thumb/v6-m/libg_nano.a
LOAD /usr/local/Caskroom/gcc-arm-embedded/6-2017-q2-update/gcc-arm-none-eabi-6-2017-q2-update/bin/../lib/gcc/arm-none-eabi/6.3.1/../../../../arm-none-eabi/lib/thumb/v6-m/libc_nano.a
END GROUP
START GROUP
LOAD /usr/local/Caskroom/gcc-arm-embedded/6-2017-q2-update/gcc-arm-none-eabi-6-2017-q2-update/bin/../lib/gcc/arm-none-eabi/6.3.1/thumb/v6-m/libgcc.a
LOAD /usr/local/Caskroom/gcc-arm-embedded/6-2017-q2-update/gcc-arm-none-eabi-6-2017-q2-update/bin/../lib/gcc/arm-none-eabi/6.3.1/../../../../arm-none-eabi/lib/thumb/v6-m/libc_nano.a
END GROUP
                0x0000000000000000                _boot_offset = DEFINED (_rom_offset)?_rom_offset:0x0

.text           0x0000000000000000     0x2b54
                0x0000000000000000                . = ALIGN (0x4)
                0x0000000000000000                _sfixed = .
                0x0000000000000000                _isr_vectors = DEFINED (_isr_vectors)?_isr_vectors:.
 *(SORT(.vectors*))
 .vectors.0     0x0000000000000000       0x40 /Users/Johnny/Documents/Projekt_RIOT/GPIO_REED_Kontakt/bin/samr21-xpro/cortexm_common.a(vectors_cortexm.o)
                0x0000000000000000                cortex_vector_base
 .vectors.1     0x0000000000000040       0x70 /Users/Johnny/Documents/Projekt_RIOT/GPIO_REED_Kontakt/bin/samr21-xpro/cpu/vectors.o
                0x0000000000000040                vector_cpu
 *(.text .text.* .gnu.linkonce.t.*)
 .text.dummy_handler
                0x00000000000000b0        0x8 /Users/Johnny/Documents/Projekt_RIOT/GPIO_REED_Kontakt/bin/samr21-xpro/cpu/vectors.o
                0x00000000000000b0                isr_sercom1
                0x00000000000000b0                isr_dac
                0x00000000000000b0                isr_tc6
                0x00000000000000b0                isr_tc3
                0x00000000000000b0                isr_ptc
                0x00000000000000b0                isr_dmac
                0x00000000000000b0                isr_tc7
                0x00000000000000b0                isr_sysctrl
                0x00000000000000b0                isr_tcc0
                0x00000000000000b0                isr_pm
                0x00000000000000b0                isr_tc5
                0x00000000000000b0                dummy_handler
                0x00000000000000b0                isr_adc
                0x00000000000000b0                isr_wdt
                0x00000000000000b0                isr_sercom3
                0x00000000000000b0                isr_ac
                0x00000000000000b0                isr_tcc2
                0x00000000000000b0                isr_i2c
                0x00000000000000b0                isr_rtc
                0x00000000000000b0                isr_usb
                0x00000000000000b0                isr_sercom2
                0x00000000000000b0                isr_sercom4
                0x00000000000000b0                isr_tc4
                0x00000000000000b0                isr_nvmctrl
                0x00000000000000b0                isr_tcc1
                0x00000000000000b0                isr_evsys
 .text._init    0x00000000000000b8        0x8 /Users/Johnny/Documents/Projekt_RIOT/GPIO_REED_Kontakt/bin/samr21-xpro/newlib_syscalls_default/syscalls.o
                0x00000000000000b8                _init
 .text._fini    0x00000000000000c0        0x2 /Users/Johnny/Documents/Projekt_RIOT/GPIO_REED_Kontakt/bin/samr21-xpro/newlib_syscalls_default/syscalls.o
                0x00000000000000c0                _fini
 *fill*         0x00000000000000c2        0x2 
 .text._sbrk_r  0x00000000000000c4       0x3c /Users/Johnny/Documents/Projekt_RIOT/GPIO_REED_Kontakt/bin/samr21-xpro/newlib_syscalls_default/syscalls.o
                0x00000000000000c4                _sbrk_r
 .text._read_r  0x0000000000000100        0xc /Users/Johnny/Documents/Projekt_RIOT/GPIO_REED_Kontakt/bin/samr21-xpro/newlib_syscalls_default/syscalls.o
                0x0000000000000100                _read_r
 .text._write_r
                0x000000000000010c        0xc /Users/Johnny/Documents/Projekt_RIOT/GPIO_REED_Kontakt/bin/samr21-xpro/newlib_syscalls_default/syscalls.o
                0x000000000000010c                _write_r
 .text._close_r
                0x0000000000000118        0xa /Users/Johnny/Documents/Projekt_RIOT/GPIO_REED_Kontakt/bin/samr21-xpro/newlib_syscalls_default/syscalls.o
                0x0000000000000118                _close_r
 .text._lseek_r
                0x0000000000000122        0xa /Users/Johnny/Documents/Projekt_RIOT/GPIO_REED_Kontakt/bin/samr21-xpro/newlib_syscalls_default/syscalls.o
                0x0000000000000122                _lseek_r
 .text._fstat_r
                0x000000000000012c        0xa /Users/Johnny/Documents/Projekt_RIOT/GPIO_REED_Kontakt/bin/samr21-xpro/newlib_syscalls_default/syscalls.o
                0x000000000000012c                _fstat_r
 .text._isatty_r
                0x0000000000000136        0xe /Users/Johnny/Documents/Projekt_RIOT/GPIO_REED_Kontakt/bin/samr21-xpro/newlib_syscalls_default/syscalls.o
                0x0000000000000136                _isatty_r
 .text.sched_run
                0x0000000000000144       0x58 /Users/Johnny/Documents/Projekt_RIOT/GPIO_REED_Kontakt/bin/samr21-xpro/core.a(sched.o)
                0x0000000000000144                sched_run
 .text.sched_set_status
                0x000000000000019c       0x7c /Users/Johnny/Documents/Projekt_RIOT/GPIO_REED_Kontakt/bin/samr21-xpro/core.a(sched.o)
                0x000000000000019c                sched_set_status
 .text.sched_switch
                0x0000000000000218       0x30 /Users/Johnny/Documents/Projekt_RIOT/GPIO_REED_Kontakt/bin/samr21-xpro/core.a(sched.o)
                0x0000000000000218                sched_switch
 .text.sched_task_exit
                0x0000000000000248       0x3c /Users/Johnny/Documents/Projekt_RIOT/GPIO_REED_Kontakt/bin/samr21-xpro/core.a(sched.o)
                0x0000000000000248                sched_task_exit
 .text.bitarithm_lsb
                0x0000000000000284       0x12 /Users/Johnny/Documents/Projekt_RIOT/GPIO_REED_Kontakt/bin/samr21-xpro/core.a(bitarithm.o)
                0x0000000000000284                bitarithm_lsb
 *fill*         0x0000000000000296        0x2 
 .text.thread_stack_init
                0x0000000000000298       0x90 /Users/Johnny/Documents/Projekt_RIOT/GPIO_REED_Kontakt/bin/samr21-xpro/cortexm_common.a(thread_arch.o)
                0x0000000000000298                thread_stack_init
 .text.thread_isr_stack_usage
                0x0000000000000328       0x24 /Users/Johnny/Documents/Projekt_RIOT/GPIO_REED_Kontakt/bin/samr21-xpro/cortexm_common.a(thread_arch.o)
                0x0000000000000328                thread_isr_stack_usage
 .text.thread_isr_stack_pointer
                0x000000000000034c        0x6 /Users/Johnny/Documents/Projekt_RIOT/GPIO_REED_Kontakt/bin/samr21-xpro/cortexm_common.a(thread_arch.o)
                0x000000000000034c                thread_isr_stack_pointer
 *fill*         0x0000000000000352        0x2 
 .text.thread_isr_stack_start
                0x0000000000000354        0x8 /Users/Johnny/Documents/Projekt_RIOT/GPIO_REED_Kontakt/bin/samr21-xpro/cortexm_common.a(thread_arch.o)
                0x0000000000000354                thread_isr_stack_start
 .text.cpu_switch_context_exit
                0x000000000000035c        0x8 /Users/Johnny/Documents/Projekt_RIOT/GPIO_REED_Kontakt/bin/samr21-xpro/cortexm_common.a(thread_arch.o)
                0x000000000000035c                cpu_switch_context_exit
 .text.thread_yield_higher
                0x0000000000000364       0x14 /Users/Johnny/Documents/Projekt_RIOT/GPIO_REED_Kontakt/bin/samr21-xpro/cortexm_common.a(thread_arch.o)
                0x0000000000000364                thread_yield_higher
 .text.isr_pendsv
                0x0000000000000378       0x28 /Users/Johnny/Documents/Projekt_RIOT/GPIO_REED_Kontakt/bin/samr21-xpro/cortexm_common.a(thread_arch.o)
                0x0000000000000378                isr_pendsv
 .text.isr_svc  0x00000000000003a0       0x2c /Users/Johnny/Documents/Projekt_RIOT/GPIO_REED_Kontakt/bin/samr21-xpro/cortexm_common.a(thread_arch.o)
                0x00000000000003a0                isr_svc
 .text.hard_fault_default
                0x00000000000003cc       0x4c /Users/Johnny/Documents/Projekt_RIOT/GPIO_REED_Kontakt/bin/samr21-xpro/cortexm_common.a(vectors_cortexm.o)
                0x00000000000003cc                hard_fault_default
 .text.nmi_default
                0x0000000000000418       0x10 /Users/Johnny/Documents/Projekt_RIOT/GPIO_REED_Kontakt/bin/samr21-xpro/cortexm_common.a(vectors_cortexm.o)
                0x0000000000000418                nmi_default
 .text.dummy_handler_default
                0x0000000000000428       0x10 /Users/Johnny/Documents/Projekt_RIOT/GPIO_REED_Kontakt/bin/samr21-xpro/cortexm_common.a(vectors_cortexm.o)
                0x0000000000000428                dummy_handler_default
                0x0000000000000428                isr_systick
 .text.pre_startup
                0x0000000000000438        0x2 /Users/Johnny/Documents/Projekt_RIOT/GPIO_REED_Kontakt/bin/samr21-xpro/cortexm_common.a(vectors_cortexm.o)
                0x0000000000000438                pre_startup
 .text.post_startup
                0x000000000000043a        0x2 /Users/Johnny/Documents/Projekt_RIOT/GPIO_REED_Kontakt/bin/samr21-xpro/cortexm_common.a(vectors_cortexm.o)
                0x000000000000043a                post_startup
 .text.reset_handler_default
                0x000000000000043c       0x68 /Users/Johnny/Documents/Projekt_RIOT/GPIO_REED_Kontakt/bin/samr21-xpro/cortexm_common.a(vectors_cortexm.o)
                0x000000000000043c                reset_handler_default
 .text.hard_fault_handler
                0x00000000000004a4      0x118 /Users/Johnny/Documents/Projekt_RIOT/GPIO_REED_Kontakt/bin/samr21-xpro/cortexm_common.a(vectors_cortexm.o)
                0x00000000000004a4                hard_fault_handler
 .text.irq_disable
                0x00000000000005bc        0x8 /Users/Johnny/Documents/Projekt_RIOT/GPIO_REED_Kontakt/bin/samr21-xpro/cortexm_common.a(irq_arch.o)
                0x00000000000005bc                irq_disable
 .text.irq_enable
                0x00000000000005c4        0x8 /Users/Johnny/Documents/Projekt_RIOT/GPIO_REED_Kontakt/bin/samr21-xpro/cortexm_common.a(irq_arch.o)
                0x00000000000005c4                irq_enable
 .text.irq_restore
                0x00000000000005cc        0x6 /Users/Johnny/Documents/Projekt_RIOT/GPIO_REED_Kontakt/bin/samr21-xpro/cortexm_common.a(irq_arch.o)
                0x00000000000005cc                irq_restore
 .text.irq_is_in
                0x00000000000005d2        0x8 /Users/Johnny/Documents/Projekt_RIOT/GPIO_REED_Kontakt/bin/samr21-xpro/cortexm_common.a(irq_arch.o)
                0x00000000000005d2                irq_is_in
 *fill*         0x00000000000005da        0x2 
 .text.pm_set_lowest
                0x00000000000005dc       0x44 /Users/Johnny/Documents/Projekt_RIOT/GPIO_REED_Kontakt/bin/samr21-xpro/pm_layered.a(pm.o)
                0x00000000000005dc                pm_set_lowest
 .text.pm_off   0x0000000000000620       0x14 /Users/Johnny/Documents/Projekt_RIOT/GPIO_REED_Kontakt/bin/samr21-xpro/pm_layered.a(pm.o)
                0x0000000000000620                pm_off
 .text.uart_stdio_init
                0x0000000000000634       0x1c /Users/Johnny/Documents/Projekt_RIOT/GPIO_REED_Kontakt/bin/samr21-xpro/uart_stdio.a(uart_stdio.o)
                0x0000000000000634                uart_stdio_init
 .text.uart_stdio_read
                0x0000000000000650       0x14 /Users/Johnny/Documents/Projekt_RIOT/GPIO_REED_Kontakt/bin/samr21-xpro/uart_stdio.a(uart_stdio.o)
                0x0000000000000650                uart_stdio_read
 .text.uart_stdio_write
                0x0000000000000664       0x12 /Users/Johnny/Documents/Projekt_RIOT/GPIO_REED_Kontakt/bin/samr21-xpro/uart_stdio.a(uart_stdio.o)
                0x0000000000000664                uart_stdio_write
 *fill*         0x0000000000000676        0x2 
 .text.board_init
                0x0000000000000678       0x14 /Users/Johnny/Documents/Projekt_RIOT/GPIO_REED_Kontakt/bin/samr21-xpro/board.a(board.o)
                0x0000000000000678                board_init
 .text.main_trampoline
                0x000000000000068c       0x18 /Users/Johnny/Documents/Projekt_RIOT/GPIO_REED_Kontakt/bin/samr21-xpro/core.a(kernel_init.o)
 .text.idle_thread
                0x00000000000006a4        0x8 /Users/Johnny/Documents/Projekt_RIOT/GPIO_REED_Kontakt/bin/samr21-xpro/core.a(kernel_init.o)
 .text.kernel_init
                0x00000000000006ac       0x58 /Users/Johnny/Documents/Projekt_RIOT/GPIO_REED_Kontakt/bin/samr21-xpro/core.a(kernel_init.o)
                0x00000000000006ac                kernel_init
 .text.panic_arch
                0x0000000000000704        0x2 /Users/Johnny/Documents/Projekt_RIOT/GPIO_REED_Kontakt/bin/samr21-xpro/core.a(panic.o)
                0x0000000000000704                panic_arch
 *fill*         0x0000000000000706        0x2 
 .text.core_panic
                0x0000000000000708       0x54 /Users/Johnny/Documents/Projekt_RIOT/GPIO_REED_Kontakt/bin/samr21-xpro/core.a(panic.o)
                0x0000000000000708                core_panic
 .text.thread_yield
                0x000000000000075c       0x34 /Users/Johnny/Documents/Projekt_RIOT/GPIO_REED_Kontakt/bin/samr21-xpro/core.a(thread.o)
                0x000000000000075c                thread_yield
 .text.thread_add_to_list
                0x0000000000000790       0x34 /Users/Johnny/Documents/Projekt_RIOT/GPIO_REED_Kontakt/bin/samr21-xpro/core.a(thread.o)
                0x0000000000000790                thread_add_to_list
 .text.thread_measure_stack_free
                0x00000000000007c4       0x10 /Users/Johnny/Documents/Projekt_RIOT/GPIO_REED_Kontakt/bin/samr21-xpro/core.a(thread.o)
                0x00000000000007c4                thread_measure_stack_free
 .text.thread_create
                0x00000000000007d4       0xe8 /Users/Johnny/Documents/Projekt_RIOT/GPIO_REED_Kontakt/bin/samr21-xpro/core.a(thread.o)
                0x00000000000007d4                thread_create
 .text.cpu_init
                0x00000000000008bc      0x104 /Users/Johnny/Documents/Projekt_RIOT/GPIO_REED_Kontakt/bin/samr21-xpro/cpu.a(cpu.o)
                0x00000000000008bc                cpu_init
 .text.isrpipe_write_one
                0x00000000000009c0       0x16 /Users/Johnny/Documents/Projekt_RIOT/GPIO_REED_Kontakt/bin/samr21-xpro/isrpipe.a(isrpipe.o)
                0x00000000000009c0                isrpipe_write_one
 .text.isrpipe_read
                0x00000000000009d6       0x22 /Users/Johnny/Documents/Projekt_RIOT/GPIO_REED_Kontakt/bin/samr21-xpro/isrpipe.a(isrpipe.o)
                0x00000000000009d6                isrpipe_read
 .text.pm_set   0x00000000000009f8       0x48 /Users/Johnny/Documents/Projekt_RIOT/GPIO_REED_Kontakt/bin/samr21-xpro/periph.a(pm.o)
                0x00000000000009f8                pm_set
 .text.ps       0x0000000000000a40       0xe8 /Users/Johnny/Documents/Projekt_RIOT/GPIO_REED_Kontakt/bin/samr21-xpro/ps.a(ps.o)
                0x0000000000000a40                ps
 .text.gpio_init_mux
                0x0000000000000b28       0x36 /Users/Johnny/Documents/Projekt_RIOT/GPIO_REED_Kontakt/bin/samr21-xpro/sam0_common_periph.a(gpio.o)
                0x0000000000000b28                gpio_init_mux
 .text.gpio_init
                0x0000000000000b5e       0x40 /Users/Johnny/Documents/Projekt_RIOT/GPIO_REED_Kontakt/bin/samr21-xpro/sam0_common_periph.a(gpio.o)
                0x0000000000000b5e                gpio_init
 *fill*         0x0000000000000b9e        0x2 
 .text.gpio_init_int
                0x0000000000000ba0       0xb8 /Users/Johnny/Documents/Projekt_RIOT/GPIO_REED_Kontakt/bin/samr21-xpro/sam0_common_periph.a(gpio.o)
                0x0000000000000ba0                gpio_init_int
 .text.gpio_read
                0x0000000000000c58       0x22 /Users/Johnny/Documents/Projekt_RIOT/GPIO_REED_Kontakt/bin/samr21-xpro/sam0_common_periph.a(gpio.o)
                0x0000000000000c58                gpio_read
 .text.gpio_set
                0x0000000000000c7a       0x10 /Users/Johnny/Documents/Projekt_RIOT/GPIO_REED_Kontakt/bin/samr21-xpro/sam0_common_periph.a(gpio.o)
                0x0000000000000c7a                gpio_set
 *fill*         0x0000000000000c8a        0x2 
 .text.isr_eic  0x0000000000000c8c       0x40 /Users/Johnny/Documents/Projekt_RIOT/GPIO_REED_Kontakt/bin/samr21-xpro/sam0_common_periph.a(gpio.o)
                0x0000000000000c8c                isr_eic
 .text.irq_handler
                0x0000000000000ccc       0x48 /Users/Johnny/Documents/Projekt_RIOT/GPIO_REED_Kontakt/bin/samr21-xpro/sam0_common_periph.a(uart.o)
 .text.uart_init
                0x0000000000000d14      0x18c /Users/Johnny/Documents/Projekt_RIOT/GPIO_REED_Kontakt/bin/samr21-xpro/sam0_common_periph.a(uart.o)
                0x0000000000000d14                uart_init
 .text.uart_write
                0x0000000000000ea0       0x34 /Users/Johnny/Documents/Projekt_RIOT/GPIO_REED_Kontakt/bin/samr21-xpro/sam0_common_periph.a(uart.o)
                0x0000000000000ea0                uart_write
 .text.isr_sercom0
                0x0000000000000ed4        0xa /Users/Johnny/Documents/Projekt_RIOT/GPIO_REED_Kontakt/bin/samr21-xpro/sam0_common_periph.a(uart.o)
                0x0000000000000ed4                isr_sercom0
 .text.isr_sercom5
                0x0000000000000ede        0xa /Users/Johnny/Documents/Projekt_RIOT/GPIO_REED_Kontakt/bin/samr21-xpro/sam0_common_periph.a(uart.o)
                0x0000000000000ede                isr_sercom5
 .text.tsrb_get
                0x0000000000000ee8       0x2c /Users/Johnny/Documents/Projekt_RIOT/GPIO_REED_Kontakt/bin/samr21-xpro/tsrb.a(tsrb.o)
                0x0000000000000ee8                tsrb_get
 .text.tsrb_add_one
                0x0000000000000f14       0x26 /Users/Johnny/Documents/Projekt_RIOT/GPIO_REED_Kontakt/bin/samr21-xpro/tsrb.a(tsrb.o)
                0x0000000000000f14                tsrb_add_one
 .text.periph_init
                0x0000000000000f3a        0x2 /Users/Johnny/Documents/Projekt_RIOT/GPIO_REED_Kontakt/bin/samr21-xpro/periph_common.a(init.o)
                0x0000000000000f3a                periph_init
 .text.cb       0x0000000000000f3c       0x28 /Users/Johnny/Documents/Projekt_RIOT/GPIO_REED_Kontakt/bin/samr21-xpro/GPIO_TEST.a(main.o)
 .text.startup.main
                0x0000000000000f64       0x58 /Users/Johnny/Documents/Projekt_RIOT/GPIO_REED_Kontakt/bin/samr21-xpro/GPIO_TEST.a(main.o)
                0x0000000000000f64                main
 .text.auto_init
                0x0000000000000fbc        0x2 /Users/Johnny/Documents/Projekt_RIOT/GPIO_REED_Kontakt/bin/samr21-xpro/auto_init.a(auto_init.o)
                0x0000000000000fbc                auto_init
 *fill*         0x0000000000000fbe        0x2 
 .text._mutex_lock
                0x0000000000000fc0       0x60 /Users/Johnny/Documents/Projekt_RIOT/GPIO_REED_Kontakt/bin/samr21-xpro/core.a(mutex.o)
                0x0000000000000fc0                _mutex_lock
 .text.mutex_unlock
                0x0000000000001020       0x4a /Users/Johnny/Documents/Projekt_RIOT/GPIO_REED_Kontakt/bin/samr21-xpro/core.a(mutex.o)
                0x0000000000001020                mutex_unlock
 *fill*         0x000000000000106a        0x2 
 .text.cortexm_init
                0x000000000000106c       0x78 /Users/Johnny/Documents/Projekt_RIOT/GPIO_REED_Kontakt/bin/samr21-xpro/cortexm_common.a(cortexm_init.o)
                0x000000000000106c                cortexm_init
 .text._putchar
                0x00000000000010e4       0x34 /Users/Johnny/Documents/Projekt_RIOT/GPIO_REED_Kontakt/bin/samr21-xpro/shell.a(shell.o)
 .text.print_prompt
                0x0000000000001118       0x20 /Users/Johnny/Documents/Projekt_RIOT/GPIO_REED_Kontakt/bin/samr21-xpro/shell.a(shell.o)
 .text.shell_run
                0x0000000000001138      0x23c /Users/Johnny/Documents/Projekt_RIOT/GPIO_REED_Kontakt/bin/samr21-xpro/shell.a(shell.o)
                0x0000000000001138                shell_run
 .text._reboot_handler
                0x0000000000001374        0xa /Users/Johnny/Documents/Projekt_RIOT/GPIO_REED_Kontakt/bin/samr21-xpro/shell_commands.a(sc_sys.o)
                0x0000000000001374                _reboot_handler
 .text._ps_handler
                0x000000000000137e        0xa /Users/Johnny/Documents/Projekt_RIOT/GPIO_REED_Kontakt/bin/samr21-xpro/shell_commands.a(sc_ps.o)
                0x000000000000137e                _ps_handler
 .text.pm_reboot
                0x0000000000001388       0x1c /Users/Johnny/Documents/Projekt_RIOT/GPIO_REED_Kontakt/bin/samr21-xpro/cortexm_common_periph.a(pm.o)
                0x0000000000001388                pm_reboot
 .text          0x00000000000013a4       0x14 /usr/local/Caskroom/gcc-arm-embedded/6-2017-q2-update/gcc-arm-none-eabi-6-2017-q2-update/bin/../lib/gcc/arm-none-eabi/6.3.1/thumb/v6-m/libgcc.a(_thumb1_case_uqi.o)
                0x00000000000013a4                __gnu_thumb1_case_uqi
 .text          0x00000000000013b8      0x114 /usr/local/Caskroom/gcc-arm-embedded/6-2017-q2-update/gcc-arm-none-eabi-6-2017-q2-update/bin/../lib/gcc/arm-none-eabi/6.3.1/thumb/v6-m/libgcc.a(_udivsi3.o)
                0x00000000000013b8                __udivsi3
                0x00000000000013b8                __aeabi_uidiv
                0x00000000000014c4                __aeabi_uidivmod
 .text          0x00000000000014cc        0x4 /usr/local/Caskroom/gcc-arm-embedded/6-2017-q2-update/gcc-arm-none-eabi-6-2017-q2-update/bin/../lib/gcc/arm-none-eabi/6.3.1/thumb/v6-m/libgcc.a(_dvmd_tls.o)
                0x00000000000014cc                __aeabi_ldiv0
                0x00000000000014cc                __aeabi_idiv0
 .text.__sflush_r
                0x00000000000014d0      0x114 /usr/local/Caskroom/gcc-arm-embedded/6-2017-q2-update/gcc-arm-none-eabi-6-2017-q2-update/bin/../lib/gcc/arm-none-eabi/6.3.1/../../../../arm-none-eabi/lib/thumb/v6-m/libc_nano.a(lib_a-fflush.o)
                0x00000000000014d0                __sflush_r
 .text._fflush_r
                0x00000000000015e4       0x58 /usr/local/Caskroom/gcc-arm-embedded/6-2017-q2-update/gcc-arm-none-eabi-6-2017-q2-update/bin/../lib/gcc/arm-none-eabi/6.3.1/../../../../arm-none-eabi/lib/thumb/v6-m/libc_nano.a(lib_a-fflush.o)
                0x00000000000015e4                _fflush_r
 .text.fflush   0x000000000000163c       0x28 /usr/local/Caskroom/gcc-arm-embedded/6-2017-q2-update/gcc-arm-none-eabi-6-2017-q2-update/bin/../lib/gcc/arm-none-eabi/6.3.1/../../../../arm-none-eabi/lib/thumb/v6-m/libc_nano.a(lib_a-fflush.o)
                0x000000000000163c                fflush
 .text._cleanup_r
                0x0000000000001664       0x10 /usr/local/Caskroom/gcc-arm-embedded/6-2017-q2-update/gcc-arm-none-eabi-6-2017-q2-update/bin/../lib/gcc/arm-none-eabi/6.3.1/../../../../arm-none-eabi/lib/thumb/v6-m/libc_nano.a(lib_a-findfp.o)
                0x0000000000001664                _cleanup_r
 .text.std.isra.0
                0x0000000000001674       0x48 /usr/local/Caskroom/gcc-arm-embedded/6-2017-q2-update/gcc-arm-none-eabi-6-2017-q2-update/bin/../lib/gcc/arm-none-eabi/6.3.1/../../../../arm-none-eabi/lib/thumb/v6-m/libc_nano.a(lib_a-findfp.o)
 .text.__sfmoreglue
                0x00000000000016bc       0x2c /usr/local/Caskroom/gcc-arm-embedded/6-2017-q2-update/gcc-arm-none-eabi-6-2017-q2-update/bin/../lib/gcc/arm-none-eabi/6.3.1/../../../../arm-none-eabi/lib/thumb/v6-m/libc_nano.a(lib_a-findfp.o)
                0x00000000000016bc                __sfmoreglue
 .text.__sinit  0x00000000000016e8       0x68 /usr/local/Caskroom/gcc-arm-embedded/6-2017-q2-update/gcc-arm-none-eabi-6-2017-q2-update/bin/../lib/gcc/arm-none-eabi/6.3.1/../../../../arm-none-eabi/lib/thumb/v6-m/libc_nano.a(lib_a-findfp.o)
                0x00000000000016e8                __sinit
 .text.__sfp    0x0000000000001750       0x80 /usr/local/Caskroom/gcc-arm-embedded/6-2017-q2-update/gcc-arm-none-eabi-6-2017-q2-update/bin/../lib/gcc/arm-none-eabi/6.3.1/../../../../arm-none-eabi/lib/thumb/v6-m/libc_nano.a(lib_a-findfp.o)
                0x0000000000001750                __sfp
 .text._fwalk   0x00000000000017d0       0x38 /usr/local/Caskroom/gcc-arm-embedded/6-2017-q2-update/gcc-arm-none-eabi-6-2017-q2-update/bin/../lib/gcc/arm-none-eabi/6.3.1/../../../../arm-none-eabi/lib/thumb/v6-m/libc_nano.a(lib_a-fwalk.o)
                0x00000000000017d0                _fwalk
 .text._fwalk_reent
                0x0000000000001808       0x42 /usr/local/Caskroom/gcc-arm-embedded/6-2017-q2-update/gcc-arm-none-eabi-6-2017-q2-update/bin/../lib/gcc/arm-none-eabi/6.3.1/../../../../arm-none-eabi/lib/thumb/v6-m/libc_nano.a(lib_a-fwalk.o)
                0x0000000000001808                _fwalk_reent
 *fill*         0x000000000000184a        0x2 
 .text.__libc_init_array
                0x000000000000184c       0x48 /usr/local/Caskroom/gcc-arm-embedded/6-2017-q2-update/gcc-arm-none-eabi-6-2017-q2-update/bin/../lib/gcc/arm-none-eabi/6.3.1/../../../../arm-none-eabi/lib/thumb/v6-m/libc_nano.a(lib_a-init.o)
                0x000000000000184c                __libc_init_array
 .text.memcpy   0x0000000000001894       0x12 /usr/local/Caskroom/gcc-arm-embedded/6-2017-q2-update/gcc-arm-none-eabi-6-2017-q2-update/bin/../lib/gcc/arm-none-eabi/6.3.1/../../../../arm-none-eabi/lib/thumb/v6-m/libc_nano.a(lib_a-memcpy-stub.o)
                0x0000000000001894                memcpy
 .text.memset   0x00000000000018a6       0x10 /usr/local/Caskroom/gcc-arm-embedded/6-2017-q2-update/gcc-arm-none-eabi-6-2017-q2-update/bin/../lib/gcc/arm-none-eabi/6.3.1/../../../../arm-none-eabi/lib/thumb/v6-m/libc_nano.a(lib_a-memset.o)
                0x00000000000018a6                memset
 *fill*         0x00000000000018b6        0x2 
 .text._free_r  0x00000000000018b8       0x94 /usr/local/Caskroom/gcc-arm-embedded/6-2017-q2-update/gcc-arm-none-eabi-6-2017-q2-update/bin/../lib/gcc/arm-none-eabi/6.3.1/../../../../arm-none-eabi/lib/thumb/v6-m/libc_nano.a(lib_a-nano-freer.o)
                0x00000000000018b8                _free_r
 .text._malloc_r
                0x000000000000194c       0xbc /usr/local/Caskroom/gcc-arm-embedded/6-2017-q2-update/gcc-arm-none-eabi-6-2017-q2-update/bin/../lib/gcc/arm-none-eabi/6.3.1/../../../../arm-none-eabi/lib/thumb/v6-m/libc_nano.a(lib_a-nano-mallocr.o)
                0x000000000000194c                _malloc_r
 .text.printf   0x0000000000001a08       0x34 /usr/local/Caskroom/gcc-arm-embedded/6-2017-q2-update/gcc-arm-none-eabi-6-2017-q2-update/bin/../lib/gcc/arm-none-eabi/6.3.1/../../../../arm-none-eabi/lib/thumb/v6-m/libc_nano.a(lib_a-printf.o)
                0x0000000000001a08                printf
                0x0000000000001a08                iprintf
 .text._puts_r  0x0000000000001a3c       0xc0 /usr/local/Caskroom/gcc-arm-embedded/6-2017-q2-update/gcc-arm-none-eabi-6-2017-q2-update/bin/../lib/gcc/arm-none-eabi/6.3.1/../../../../arm-none-eabi/lib/thumb/v6-m/libc_nano.a(lib_a-puts.o)
                0x0000000000001a3c                _puts_r
 .text.puts     0x0000000000001afc       0x14 /usr/local/Caskroom/gcc-arm-embedded/6-2017-q2-update/gcc-arm-none-eabi-6-2017-q2-update/bin/../lib/gcc/arm-none-eabi/6.3.1/../../../../arm-none-eabi/lib/thumb/v6-m/libc_nano.a(lib_a-puts.o)
                0x0000000000001afc                puts
 .text.__srget_r
                0x0000000000001b10       0x60 /usr/local/Caskroom/gcc-arm-embedded/6-2017-q2-update/gcc-arm-none-eabi-6-2017-q2-update/bin/../lib/gcc/arm-none-eabi/6.3.1/../../../../arm-none-eabi/lib/thumb/v6-m/libc_nano.a(lib_a-rget.o)
                0x0000000000001b10                __srget_r
 .text.__sread  0x0000000000001b70       0x28 /usr/local/Caskroom/gcc-arm-embedded/6-2017-q2-update/gcc-arm-none-eabi-6-2017-q2-update/bin/../lib/gcc/arm-none-eabi/6.3.1/../../../../arm-none-eabi/lib/thumb/v6-m/libc_nano.a(lib_a-stdio.o)
                0x0000000000001b70                __sread
 .text.__swrite
                0x0000000000001b98       0x38 /usr/local/Caskroom/gcc-arm-embedded/6-2017-q2-update/gcc-arm-none-eabi-6-2017-q2-update/bin/../lib/gcc/arm-none-eabi/6.3.1/../../../../arm-none-eabi/lib/thumb/v6-m/libc_nano.a(lib_a-stdio.o)
                0x0000000000001b98                __swrite
 .text.__sseek  0x0000000000001bd0       0x2c /usr/local/Caskroom/gcc-arm-embedded/6-2017-q2-update/gcc-arm-none-eabi-6-2017-q2-update/bin/../lib/gcc/arm-none-eabi/6.3.1/../../../../arm-none-eabi/lib/thumb/v6-m/libc_nano.a(lib_a-stdio.o)
                0x0000000000001bd0                __sseek
 .text.__sclose
                0x0000000000001bfc        0xc /usr/local/Caskroom/gcc-arm-embedded/6-2017-q2-update/gcc-arm-none-eabi-6-2017-q2-update/bin/../lib/gcc/arm-none-eabi/6.3.1/../../../../arm-none-eabi/lib/thumb/v6-m/libc_nano.a(lib_a-stdio.o)
                0x0000000000001bfc                __sclose
 .text          0x0000000000001c08       0x14 /usr/local/Caskroom/gcc-arm-embedded/6-2017-q2-update/gcc-arm-none-eabi-6-2017-q2-update/bin/../lib/gcc/arm-none-eabi/6.3.1/../../../../arm-none-eabi/lib/thumb/v6-m/libc_nano.a(lib_a-strcmp.o)
                0x0000000000001c08                strcmp
 .text.__swbuf_r
                0x0000000000001c1c       0xac /usr/local/Caskroom/gcc-arm-embedded/6-2017-q2-update/gcc-arm-none-eabi-6-2017-q2-update/bin/../lib/gcc/arm-none-eabi/6.3.1/../../../../arm-none-eabi/lib/thumb/v6-m/libc_nano.a(lib_a-wbuf.o)
                0x0000000000001c1c                __swbuf_r
 .text.__swsetup_r
                0x0000000000001cc8       0xec /usr/local/Caskroom/gcc-arm-embedded/6-2017-q2-update/gcc-arm-none-eabi-6-2017-q2-update/bin/../lib/gcc/arm-none-eabi/6.3.1/../../../../arm-none-eabi/lib/thumb/v6-m/libc_nano.a(lib_a-wsetup.o)
                0x0000000000001cc8                __swsetup_r
 .text.__swhatbuf_r
                0x0000000000001db4       0x50 /usr/local/Caskroom/gcc-arm-embedded/6-2017-q2-update/gcc-arm-none-eabi-6-2017-q2-update/bin/../lib/gcc/arm-none-eabi/6.3.1/../../../../arm-none-eabi/lib/thumb/v6-m/libc_nano.a(lib_a-makebuf.o)
                0x0000000000001db4                __swhatbuf_r
 .text.__smakebuf_r
                0x0000000000001e04       0x88 /usr/local/Caskroom/gcc-arm-embedded/6-2017-q2-update/gcc-arm-none-eabi-6-2017-q2-update/bin/../lib/gcc/arm-none-eabi/6.3.1/../../../../arm-none-eabi/lib/thumb/v6-m/libc_nano.a(lib_a-makebuf.o)
                0x0000000000001e04                __smakebuf_r
 .text.__malloc_lock
                0x0000000000001e8c        0x2 /usr/local/Caskroom/gcc-arm-embedded/6-2017-q2-update/gcc-arm-none-eabi-6-2017-q2-update/bin/../lib/gcc/arm-none-eabi/6.3.1/../../../../arm-none-eabi/lib/thumb/v6-m/libc_nano.a(lib_a-mlock.o)
                0x0000000000001e8c                __malloc_lock
 .text.__malloc_unlock
                0x0000000000001e8e        0x2 /usr/local/Caskroom/gcc-arm-embedded/6-2017-q2-update/gcc-arm-none-eabi-6-2017-q2-update/bin/../lib/gcc/arm-none-eabi/6.3.1/../../../../arm-none-eabi/lib/thumb/v6-m/libc_nano.a(lib_a-mlock.o)
                0x0000000000001e8e                __malloc_unlock
 .text.__sfputc_r
                0x0000000000001e90       0x2a /usr/local/Caskroom/gcc-arm-embedded/6-2017-q2-update/gcc-arm-none-eabi-6-2017-q2-update/bin/../lib/gcc/arm-none-eabi/6.3.1/../../../../arm-none-eabi/lib/thumb/v6-m/libc_nano.a(lib_a-nano-vfprintf.o)
 .text.__sfputs_r
                0x0000000000001eba       0x24 /usr/local/Caskroom/gcc-arm-embedded/6-2017-q2-update/gcc-arm-none-eabi-6-2017-q2-update/bin/../lib/gcc/arm-none-eabi/6.3.1/../../../../arm-none-eabi/lib/thumb/v6-m/libc_nano.a(lib_a-nano-vfprintf.o)
                0x0000000000001eba                __sfputs_r
 *fill*         0x0000000000001ede        0x2 
 .text._vfprintf_r
                0x0000000000001ee0      0x238 /usr/local/Caskroom/gcc-arm-embedded/6-2017-q2-update/gcc-arm-none-eabi-6-2017-q2-update/bin/../lib/gcc/arm-none-eabi/6.3.1/../../../../arm-none-eabi/lib/thumb/v6-m/libc_nano.a(lib_a-nano-vfprintf.o)
                0x0000000000001ee0                _vfiprintf_r
                0x0000000000001ee0                _vfprintf_r
 .text._printf_common
                0x0000000000002118       0xda /usr/local/Caskroom/gcc-arm-embedded/6-2017-q2-update/gcc-arm-none-eabi-6-2017-q2-update/bin/../lib/gcc/arm-none-eabi/6.3.1/../../../../arm-none-eabi/lib/thumb/v6-m/libc_nano.a(lib_a-nano-vfprintf_i.o)
                0x0000000000002118                _printf_common
 *fill*         0x00000000000021f2        0x2 
 .text._printf_i
                0x00000000000021f4      0x234 /usr/local/Caskroom/gcc-arm-embedded/6-2017-q2-update/gcc-arm-none-eabi-6-2017-q2-update/bin/../lib/gcc/arm-none-eabi/6.3.1/../../../../arm-none-eabi/lib/thumb/v6-m/libc_nano.a(lib_a-nano-vfprintf_i.o)
                0x00000000000021f4                _printf_i
 .text.lflush   0x0000000000002428       0x18 /usr/local/Caskroom/gcc-arm-embedded/6-2017-q2-update/gcc-arm-none-eabi-6-2017-q2-update/bin/../lib/gcc/arm-none-eabi/6.3.1/../../../../arm-none-eabi/lib/thumb/v6-m/libc_nano.a(lib_a-refill.o)
 .text.__srefill_r
                0x0000000000002440      0x120 /usr/local/Caskroom/gcc-arm-embedded/6-2017-q2-update/gcc-arm-none-eabi-6-2017-q2-update/bin/../lib/gcc/arm-none-eabi/6.3.1/../../../../arm-none-eabi/lib/thumb/v6-m/libc_nano.a(lib_a-refill.o)
                0x0000000000002440                __srefill_r
 .text.memchr   0x0000000000002560       0x16 /usr/local/Caskroom/gcc-arm-embedded/6-2017-q2-update/gcc-arm-none-eabi-6-2017-q2-update/bin/../lib/gcc/arm-none-eabi/6.3.1/../../../../arm-none-eabi/lib/thumb/v6-m/libc_nano.a(lib_a-memchr-stub.o)
                0x0000000000002560                memchr
 *(.glue_7t)
 .glue_7t       0x0000000000002576        0x0 linker stubs
 *(.glue_7)
 .glue_7        0x0000000000002576        0x0 linker stubs
 *(.rodata .rodata* .gnu.linkonce.r.*)
 .rodata.dummy_handler_default.str1.1
                0x0000000000002576        0xe /Users/Johnny/Documents/Projekt_RIOT/GPIO_REED_Kontakt/bin/samr21-xpro/cortexm_common.a(vectors_cortexm.o)
 .rodata.hard_fault_handler.str1.1
                0x0000000000002584      0x18b /Users/Johnny/Documents/Projekt_RIOT/GPIO_REED_Kontakt/bin/samr21-xpro/cortexm_common.a(vectors_cortexm.o)
 .rodata.nmi_default.str1.1
                0x000000000000270f        0xc /Users/Johnny/Documents/Projekt_RIOT/GPIO_REED_Kontakt/bin/samr21-xpro/cortexm_common.a(vectors_cortexm.o)
 .rodata.main_trampoline.str1.1
                0x000000000000271b       0x4d /Users/Johnny/Documents/Projekt_RIOT/GPIO_REED_Kontakt/bin/samr21-xpro/core.a(kernel_init.o)
 .rodata.str1.1
                0x0000000000002768        0xa /Users/Johnny/Documents/Projekt_RIOT/GPIO_REED_Kontakt/bin/samr21-xpro/core.a(kernel_init.o)
 .rodata.assert_crash_message
                0x0000000000002772       0x12 /Users/Johnny/Documents/Projekt_RIOT/GPIO_REED_Kontakt/bin/samr21-xpro/core.a(panic.o)
                0x0000000000002772                assert_crash_message
 .rodata.core_panic.str1.1
                0x0000000000002784       0x2e /Users/Johnny/Documents/Projekt_RIOT/GPIO_REED_Kontakt/bin/samr21-xpro/core.a(panic.o)
                                         0x30 (size before relaxing)
 .rodata        0x00000000000027b2        0x2 /Users/Johnny/Documents/Projekt_RIOT/GPIO_REED_Kontakt/bin/samr21-xpro/ps.a(ps.o)
 .rodata.ps.str1.1
                0x00000000000027b4       0xfd /Users/Johnny/Documents/Projekt_RIOT/GPIO_REED_Kontakt/bin/samr21-xpro/ps.a(ps.o)
 *fill*         0x00000000000028b1        0x3 
 .rodata.state_names
                0x00000000000028b4       0x2c /Users/Johnny/Documents/Projekt_RIOT/GPIO_REED_Kontakt/bin/samr21-xpro/ps.a(ps.o)
 .rodata.str1.1
                0x00000000000028e0       0x5b /Users/Johnny/Documents/Projekt_RIOT/GPIO_REED_Kontakt/bin/samr21-xpro/ps.a(ps.o)
 .rodata.exti_config
                0x000000000000293b       0x40 /Users/Johnny/Documents/Projekt_RIOT/GPIO_REED_Kontakt/bin/samr21-xpro/sam0_common_periph.a(gpio.o)
 *fill*         0x000000000000297b        0x1 
 .rodata.uart_config
                0x000000000000297c       0x28 /Users/Johnny/Documents/Projekt_RIOT/GPIO_REED_Kontakt/bin/samr21-xpro/sam0_common_periph.a(uart.o)
 .rodata.cb.str1.1
                0x00000000000029a4       0x1d /Users/Johnny/Documents/Projekt_RIOT/GPIO_REED_Kontakt/bin/samr21-xpro/GPIO_TEST.a(main.o)
 *fill*         0x00000000000029c1        0x3 
 .rodata.shell_commands
                0x00000000000029c4        0xc /Users/Johnny/Documents/Projekt_RIOT/GPIO_REED_Kontakt/bin/samr21-xpro/GPIO_TEST.a(main.o)
 .rodata.shell_run.str1.1
                0x00000000000029d0       0x82 /Users/Johnny/Documents/Projekt_RIOT/GPIO_REED_Kontakt/bin/samr21-xpro/shell.a(shell.o)
 *fill*         0x0000000000002a52        0x2 
 .rodata._shell_command_list
                0x0000000000002a54       0x24 /Users/Johnny/Documents/Projekt_RIOT/GPIO_REED_Kontakt/bin/samr21-xpro/shell_commands.a(shell_commands.o)
                0x0000000000002a54                _shell_command_list
 .rodata.str1.1
                0x0000000000002a78       0x44 /Users/Johnny/Documents/Projekt_RIOT/GPIO_REED_Kontakt/bin/samr21-xpro/shell_commands.a(shell_commands.o)
 .rodata.__sf_fake_stderr
                0x0000000000002abc       0x20 /usr/local/Caskroom/gcc-arm-embedded/6-2017-q2-update/gcc-arm-none-eabi-6-2017-q2-update/bin/../lib/gcc/arm-none-eabi/6.3.1/../../../../arm-none-eabi/lib/thumb/v6-m/libc_nano.a(lib_a-findfp.o)
                0x0000000000002abc                __sf_fake_stderr
 .rodata.__sf_fake_stdin
                0x0000000000002adc       0x20 /usr/local/Caskroom/gcc-arm-embedded/6-2017-q2-update/gcc-arm-none-eabi-6-2017-q2-update/bin/../lib/gcc/arm-none-eabi/6.3.1/../../../../arm-none-eabi/lib/thumb/v6-m/libc_nano.a(lib_a-findfp.o)
                0x0000000000002adc                __sf_fake_stdin
 .rodata.__sf_fake_stdout
                0x0000000000002afc       0x20 /usr/local/Caskroom/gcc-arm-embedded/6-2017-q2-update/gcc-arm-none-eabi-6-2017-q2-update/bin/../lib/gcc/arm-none-eabi/6.3.1/../../../../arm-none-eabi/lib/thumb/v6-m/libc_nano.a(lib_a-findfp.o)
                0x0000000000002afc                __sf_fake_stdout
 .rodata._global_impure_ptr
                0x0000000000002b1c        0x4 /usr/local/Caskroom/gcc-arm-embedded/6-2017-q2-update/gcc-arm-none-eabi-6-2017-q2-update/bin/../lib/gcc/arm-none-eabi/6.3.1/../../../../arm-none-eabi/lib/thumb/v6-m/libc_nano.a(lib_a-impure.o)
                0x0000000000002b1c                _global_impure_ptr
 .rodata._vfprintf_r.str1.1
                0x0000000000002b20       0x11 /usr/local/Caskroom/gcc-arm-embedded/6-2017-q2-update/gcc-arm-none-eabi-6-2017-q2-update/bin/../lib/gcc/arm-none-eabi/6.3.1/../../../../arm-none-eabi/lib/thumb/v6-m/libc_nano.a(lib_a-nano-vfprintf.o)
 .rodata._printf_i.str1.1
                0x0000000000002b31       0x22 /usr/local/Caskroom/gcc-arm-embedded/6-2017-q2-update/gcc-arm-none-eabi-6-2017-q2-update/bin/../lib/gcc/arm-none-eabi/6.3.1/../../../../arm-none-eabi/lib/thumb/v6-m/libc_nano.a(lib_a-nano-vfprintf_i.o)
 *(.ARM.extab* .gnu.linkonce.armextab.*)
                0x0000000000002b54                . = ALIGN (0x4)
 *fill*         0x0000000000002b53        0x1 
 *(.init)
                0x0000000000002b54                . = ALIGN (0x4)
                0x0000000000002b54                __preinit_array_start = .
 *(.preinit_array)
                0x0000000000002b54                __preinit_array_end = .
                0x0000000000002b54                . = ALIGN (0x4)
                0x0000000000002b54                __init_array_start = .
 *(SORT(.init_array.*))
 *(.init_array)
                0x0000000000002b54                __init_array_end = .
                0x0000000000002b54                . = ALIGN (0x4)
 *crtbegin.o(.ctors)
 *(EXCLUDE_FILE(*crtend.o) .ctors)
 *(SORT(.ctors.*))
 *crtend.o(.ctors)
                0x0000000000002b54                . = ALIGN (0x4)
 *(.fini)
                0x0000000000002b54                . = ALIGN (0x4)
                0x0000000000002b54                __fini_array_start = .
 *(.fini_array)
 *(SORT(.fini_array.*))
                0x0000000000002b54                __fini_array_end = .
 *crtbegin.o(.dtors)
 *(EXCLUDE_FILE(*crtend.o) .dtors)
 *(SORT(.dtors.*))
 *crtend.o(.dtors)
                0x0000000000002b54                . = ALIGN (0x4)
                0x0000000000002b54                _efixed = .
                [!provide]                        PROVIDE (__exidx_start, .)

.vfp11_veneer   0x0000000000002b54        0x0
 .vfp11_veneer  0x0000000000002b54        0x0 linker stubs

.v4_bx          0x0000000000002b54        0x0
 .v4_bx         0x0000000000002b54        0x0 linker stubs

.iplt           0x0000000000002b54        0x0
 .iplt          0x0000000000002b54        0x0 /Users/Johnny/Documents/Projekt_RIOT/GPIO_REED_Kontakt/bin/samr21-xpro/cpu/vectors.o

.igot.plt       0x0000000000002b54        0x0
 .igot.plt      0x0000000000002b54        0x0 /Users/Johnny/Documents/Projekt_RIOT/GPIO_REED_Kontakt/bin/samr21-xpro/cpu/vectors.o

.rel.dyn        0x0000000000002b54        0x0
 .rel.iplt      0x0000000000002b54        0x0 /Users/Johnny/Documents/Projekt_RIOT/GPIO_REED_Kontakt/bin/samr21-xpro/cpu/vectors.o

.ARM.exidx
 *(.ARM.exidx* .gnu.linkonce.armexidx.*)
                [!provide]                        PROVIDE (__exidx_end, .)
                0x0000000000002b54                . = ALIGN (0x4)

.eh_frame
 *(.eh_frame)
                0x0000000000002b54                . = ALIGN (0x4)
                0x0000000000002b54                _etext = .

.stack          0x0000000020000000      0x200
                0x0000000020000000                . = ALIGN (0x8)
                0x0000000020000000                _sstack = .
 *(.isr_stack)
 .isr_stack     0x0000000020000000      0x200 /Users/Johnny/Documents/Projekt_RIOT/GPIO_REED_Kontakt/bin/samr21-xpro/cortexm_common.a(vectors_cortexm.o)
                0x0000000020000000                isr_stack
                0x0000000020000200                . = ALIGN (0x8)
                0x0000000020000200                _estack = .

.relocate       0x0000000020000200       0x9c load address 0x0000000000002b54
                0x0000000020000200                . = ALIGN (0x4)
                0x0000000020000200                _srelocate = .
 *(.ramfunc .ramfunc.*)
 *(.data .data.*)
 .data.heap_top
                0x0000000020000200        0x4 /Users/Johnny/Documents/Projekt_RIOT/GPIO_REED_Kontakt/bin/samr21-xpro/newlib_syscalls_default/syscalls.o
                0x0000000020000200                heap_top
 .data.pm_blocker
                0x0000000020000204        0x4 /Users/Johnny/Documents/Projekt_RIOT/GPIO_REED_Kontakt/bin/samr21-xpro/pm_layered.a(pm.o)
                0x0000000020000204                pm_blocker
 .data.uart_stdio_isrpipe
                0x0000000020000208       0x14 /Users/Johnny/Documents/Projekt_RIOT/GPIO_REED_Kontakt/bin/samr21-xpro/uart_stdio.a(uart_stdio.o)
                0x0000000020000208                uart_stdio_isrpipe
 .data.idle_name
                0x000000002000021c        0x4 /Users/Johnny/Documents/Projekt_RIOT/GPIO_REED_Kontakt/bin/samr21-xpro/core.a(kernel_init.o)
                0x000000002000021c                idle_name
 .data.main_name
                0x0000000020000220        0x4 /Users/Johnny/Documents/Projekt_RIOT/GPIO_REED_Kontakt/bin/samr21-xpro/core.a(kernel_init.o)
                0x0000000020000220                main_name
 .data.PA13     0x0000000020000224        0x8 /Users/Johnny/Documents/Projekt_RIOT/GPIO_REED_Kontakt/bin/samr21-xpro/GPIO_TEST.a(main.o)
                0x0000000020000224                PA13
 .data.PA28     0x000000002000022c        0x8 /Users/Johnny/Documents/Projekt_RIOT/GPIO_REED_Kontakt/bin/samr21-xpro/GPIO_TEST.a(main.o)
                0x000000002000022c                PA28
 .data._impure_ptr
                0x0000000020000234        0x4 /usr/local/Caskroom/gcc-arm-embedded/6-2017-q2-update/gcc-arm-none-eabi-6-2017-q2-update/bin/../lib/gcc/arm-none-eabi/6.3.1/../../../../arm-none-eabi/lib/thumb/v6-m/libc_nano.a(lib_a-impure.o)
                0x0000000020000234                _impure_ptr
 .data.impure_data
                0x0000000020000238       0x60 /usr/local/Caskroom/gcc-arm-embedded/6-2017-q2-update/gcc-arm-none-eabi-6-2017-q2-update/bin/../lib/gcc/arm-none-eabi/6.3.1/../../../../arm-none-eabi/lib/thumb/v6-m/libc_nano.a(lib_a-impure.o)
 *(.openocd .openocd.*)
 .openocd       0x0000000020000298        0x2 /Users/Johnny/Documents/Projekt_RIOT/GPIO_REED_Kontakt/bin/samr21-xpro/core.a(sched.o)
                0x0000000020000298                _tcb_name_offset
                0x0000000020000299                max_threads
                0x000000002000029c                . = ALIGN (0x4)
 *fill*         0x000000002000029a        0x2 
                0x000000002000029c                _erelocate = .

.bss            0x000000002000029c      0x8b4 load address 0x0000000000002bf0
                0x000000002000029c                . = ALIGN (0x4)
                0x000000002000029c                _sbss = .
                0x000000002000029c                _szero = .
 *(.bss .bss.*)
 .bss.runqueue_bitcache
                0x000000002000029c        0x4 /Users/Johnny/Documents/Projekt_RIOT/GPIO_REED_Kontakt/bin/samr21-xpro/core.a(sched.o)
 .bss.sched_active_pid
                0x00000000200002a0        0x2 /Users/Johnny/Documents/Projekt_RIOT/GPIO_REED_Kontakt/bin/samr21-xpro/core.a(sched.o)
                0x00000000200002a0                sched_active_pid
 *fill*         0x00000000200002a2        0x2 
 .bss.sched_active_thread
                0x00000000200002a4        0x4 /Users/Johnny/Documents/Projekt_RIOT/GPIO_REED_Kontakt/bin/samr21-xpro/core.a(sched.o)
                0x00000000200002a4                sched_active_thread
 .bss.sched_context_switch_request
                0x00000000200002a8        0x4 /Users/Johnny/Documents/Projekt_RIOT/GPIO_REED_Kontakt/bin/samr21-xpro/core.a(sched.o)
                0x00000000200002a8                sched_context_switch_request
 .bss.sched_num_threads
                0x00000000200002ac        0x4 /Users/Johnny/Documents/Projekt_RIOT/GPIO_REED_Kontakt/bin/samr21-xpro/core.a(sched.o)
                0x00000000200002ac                sched_num_threads
 .bss.sched_runqueues
                0x00000000200002b0       0x40 /Users/Johnny/Documents/Projekt_RIOT/GPIO_REED_Kontakt/bin/samr21-xpro/core.a(sched.o)
                0x00000000200002b0                sched_runqueues
 .bss.sched_threads
                0x00000000200002f0       0x84 /Users/Johnny/Documents/Projekt_RIOT/GPIO_REED_Kontakt/bin/samr21-xpro/core.a(sched.o)
                0x00000000200002f0                sched_threads
 .bss._rx_buf_mem
                0x0000000020000374       0x40 /Users/Johnny/Documents/Projekt_RIOT/GPIO_REED_Kontakt/bin/samr21-xpro/uart_stdio.a(uart_stdio.o)
 .bss.idle_stack
                0x00000000200003b4      0x100 /Users/Johnny/Documents/Projekt_RIOT/GPIO_REED_Kontakt/bin/samr21-xpro/core.a(kernel_init.o)
 .bss.main_stack
                0x00000000200004b4      0x600 /Users/Johnny/Documents/Projekt_RIOT/GPIO_REED_Kontakt/bin/samr21-xpro/core.a(kernel_init.o)
 .bss.crashed   0x0000000020000ab4        0x4 /Users/Johnny/Documents/Projekt_RIOT/GPIO_REED_Kontakt/bin/samr21-xpro/core.a(panic.o)
 .bss.gpio_config
                0x0000000020000ab8       0x80 /Users/Johnny/Documents/Projekt_RIOT/GPIO_REED_Kontakt/bin/samr21-xpro/sam0_common_periph.a(gpio.o)
 .bss.uart_ctx  0x0000000020000b38       0x10 /Users/Johnny/Documents/Projekt_RIOT/GPIO_REED_Kontakt/bin/samr21-xpro/sam0_common_periph.a(uart.o)
 .bss.__malloc_free_list
                0x0000000020000b48        0x4 /usr/local/Caskroom/gcc-arm-embedded/6-2017-q2-update/gcc-arm-none-eabi-6-2017-q2-update/bin/../lib/gcc/arm-none-eabi/6.3.1/../../../../arm-none-eabi/lib/thumb/v6-m/libc_nano.a(lib_a-nano-mallocr.o)
                0x0000000020000b48                __malloc_free_list
 .bss.__malloc_sbrk_start
                0x0000000020000b4c        0x4 /usr/local/Caskroom/gcc-arm-embedded/6-2017-q2-update/gcc-arm-none-eabi-6-2017-q2-update/bin/../lib/gcc/arm-none-eabi/6.3.1/../../../../arm-none-eabi/lib/thumb/v6-m/libc_nano.a(lib_a-nano-mallocr.o)
                0x0000000020000b4c                __malloc_sbrk_start
 *(COMMON)
                0x0000000020000b50                . = ALIGN (0x4)
                0x0000000020000b50                _ebss = .
                0x0000000020000b50                _ezero = .
                0x0000000020000b50                . = ALIGN (0x4)
                0x0000000020000b50                _sheap = .
                0x0000000020008000                _eheap = (ORIGIN (ram) + LENGTH (ram))
                0x0000000020000000                _sram = ORIGIN (ram)
                0x0000000020008000                _eram = (ORIGIN (ram) + LENGTH (ram))
OUTPUT(/Users/Johnny/Documents/Projekt_RIOT/GPIO_REED_Kontakt/bin/samr21-xpro/GPIO_TEST.elf elf32-littlearm)

.debug_info     0x0000000000000000    0x383df
 .debug_info    0x0000000000000000      0x19f /Users/Johnny/Documents/Projekt_RIOT/GPIO_REED_Kontakt/bin/samr21-xpro/cpu/vectors.o
 .debug_info    0x000000000000019f     0x41da /Users/Johnny/Documents/Projekt_RIOT/GPIO_REED_Kontakt/bin/samr21-xpro/newlib_syscalls_default/syscalls.o
 .debug_info    0x0000000000004379      0xda5 /Users/Johnny/Documents/Projekt_RIOT/GPIO_REED_Kontakt/bin/samr21-xpro/core.a(sched.o)
 .debug_info    0x000000000000511e      0x931 /Users/Johnny/Documents/Projekt_RIOT/GPIO_REED_Kontakt/bin/samr21-xpro/core.a(bitarithm.o)
 .debug_info    0x0000000000005a4f      0xe99 /Users/Johnny/Documents/Projekt_RIOT/GPIO_REED_Kontakt/bin/samr21-xpro/cortexm_common.a(thread_arch.o)
 .debug_info    0x00000000000068e8     0x3f70 /Users/Johnny/Documents/Projekt_RIOT/GPIO_REED_Kontakt/bin/samr21-xpro/cortexm_common.a(vectors_cortexm.o)
 .debug_info    0x000000000000a858      0xc78 /Users/Johnny/Documents/Projekt_RIOT/GPIO_REED_Kontakt/bin/samr21-xpro/cortexm_common.a(irq_arch.o)
 .debug_info    0x000000000000b4d0      0xd85 /Users/Johnny/Documents/Projekt_RIOT/GPIO_REED_Kontakt/bin/samr21-xpro/pm_layered.a(pm.o)
 .debug_info    0x000000000000c255     0x3c62 /Users/Johnny/Documents/Projekt_RIOT/GPIO_REED_Kontakt/bin/samr21-xpro/uart_stdio.a(uart_stdio.o)
 .debug_info    0x000000000000feb7     0x40a6 /Users/Johnny/Documents/Projekt_RIOT/GPIO_REED_Kontakt/bin/samr21-xpro/board.a(board.o)
 .debug_info    0x0000000000013f5d      0xdb3 /Users/Johnny/Documents/Projekt_RIOT/GPIO_REED_Kontakt/bin/samr21-xpro/core.a(kernel_init.o)
 .debug_info    0x0000000000014d10      0xd59 /Users/Johnny/Documents/Projekt_RIOT/GPIO_REED_Kontakt/bin/samr21-xpro/core.a(panic.o)
 .debug_info    0x0000000000015a69     0x117b /Users/Johnny/Documents/Projekt_RIOT/GPIO_REED_Kontakt/bin/samr21-xpro/core.a(thread.o)
 .debug_info    0x0000000000016be4     0x5b04 /Users/Johnny/Documents/Projekt_RIOT/GPIO_REED_Kontakt/bin/samr21-xpro/cpu.a(cpu.o)
 .debug_info    0x000000000001c6e8     0x40eb /Users/Johnny/Documents/Projekt_RIOT/GPIO_REED_Kontakt/bin/samr21-xpro/isrpipe.a(isrpipe.o)
 .debug_info    0x00000000000207d3     0x1519 /Users/Johnny/Documents/Projekt_RIOT/GPIO_REED_Kontakt/bin/samr21-xpro/periph.a(pm.o)
 .debug_info    0x0000000000021cec      0xd60 /Users/Johnny/Documents/Projekt_RIOT/GPIO_REED_Kontakt/bin/samr21-xpro/ps.a(ps.o)
 .debug_info    0x0000000000022a4c     0x5ca7 /Users/Johnny/Documents/Projekt_RIOT/GPIO_REED_Kontakt/bin/samr21-xpro/sam0_common_periph.a(gpio.o)
 .debug_info    0x00000000000286f3     0x5de6 /Users/Johnny/Documents/Projekt_RIOT/GPIO_REED_Kontakt/bin/samr21-xpro/sam0_common_periph.a(uart.o)
 .debug_info    0x000000000002e4d9      0x32b /Users/Johnny/Documents/Projekt_RIOT/GPIO_REED_Kontakt/bin/samr21-xpro/tsrb.a(tsrb.o)
 .debug_info    0x000000000002e804       0x37 /Users/Johnny/Documents/Projekt_RIOT/GPIO_REED_Kontakt/bin/samr21-xpro/periph_common.a(init.o)
 .debug_info    0x000000000002e83b     0x429e /Users/Johnny/Documents/Projekt_RIOT/GPIO_REED_Kontakt/bin/samr21-xpro/GPIO_TEST.a(main.o)
 .debug_info    0x0000000000032ad9      0xb15 /Users/Johnny/Documents/Projekt_RIOT/GPIO_REED_Kontakt/bin/samr21-xpro/auto_init.a(auto_init.o)
 .debug_info    0x00000000000335ee      0xe58 /Users/Johnny/Documents/Projekt_RIOT/GPIO_REED_Kontakt/bin/samr21-xpro/core.a(mutex.o)
 .debug_info    0x0000000000034446      0xe70 /Users/Johnny/Documents/Projekt_RIOT/GPIO_REED_Kontakt/bin/samr21-xpro/cortexm_common.a(cortexm_init.o)
 .debug_info    0x00000000000352b6      0xf00 /Users/Johnny/Documents/Projekt_RIOT/GPIO_REED_Kontakt/bin/samr21-xpro/shell.a(shell.o)
 .debug_info    0x00000000000361b6      0x921 /Users/Johnny/Documents/Projekt_RIOT/GPIO_REED_Kontakt/bin/samr21-xpro/shell_commands.a(shell_commands.o)
 .debug_info    0x0000000000036ad7      0xbd8 /Users/Johnny/Documents/Projekt_RIOT/GPIO_REED_Kontakt/bin/samr21-xpro/shell_commands.a(sc_sys.o)
 .debug_info    0x00000000000376af       0x8a /Users/Johnny/Documents/Projekt_RIOT/GPIO_REED_Kontakt/bin/samr21-xpro/shell_commands.a(sc_ps.o)
 .debug_info    0x0000000000037739      0xca6 /Users/Johnny/Documents/Projekt_RIOT/GPIO_REED_Kontakt/bin/samr21-xpro/cortexm_common_periph.a(pm.o)

.debug_abbrev   0x0000000000000000     0x4f15
 .debug_abbrev  0x0000000000000000       0xcb /Users/Johnny/Documents/Projekt_RIOT/GPIO_REED_Kontakt/bin/samr21-xpro/cpu/vectors.o
 .debug_abbrev  0x00000000000000cb      0x3dc /Users/Johnny/Documents/Projekt_RIOT/GPIO_REED_Kontakt/bin/samr21-xpro/newlib_syscalls_default/syscalls.o
 .debug_abbrev  0x00000000000004a7      0x323 /Users/Johnny/Documents/Projekt_RIOT/GPIO_REED_Kontakt/bin/samr21-xpro/core.a(sched.o)
 .debug_abbrev  0x00000000000007ca      0x1d5 /Users/Johnny/Documents/Projekt_RIOT/GPIO_REED_Kontakt/bin/samr21-xpro/core.a(bitarithm.o)
 .debug_abbrev  0x000000000000099f      0x373 /Users/Johnny/Documents/Projekt_RIOT/GPIO_REED_Kontakt/bin/samr21-xpro/cortexm_common.a(thread_arch.o)
 .debug_abbrev  0x0000000000000d12      0x410 /Users/Johnny/Documents/Projekt_RIOT/GPIO_REED_Kontakt/bin/samr21-xpro/cortexm_common.a(vectors_cortexm.o)
 .debug_abbrev  0x0000000000001122      0x285 /Users/Johnny/Documents/Projekt_RIOT/GPIO_REED_Kontakt/bin/samr21-xpro/cortexm_common.a(irq_arch.o)
 .debug_abbrev  0x00000000000013a7      0x26a /Users/Johnny/Documents/Projekt_RIOT/GPIO_REED_Kontakt/bin/samr21-xpro/pm_layered.a(pm.o)
 .debug_abbrev  0x0000000000001611      0x2fa /Users/Johnny/Documents/Projekt_RIOT/GPIO_REED_Kontakt/bin/samr21-xpro/uart_stdio.a(uart_stdio.o)
 .debug_abbrev  0x000000000000190b      0x2ba /Users/Johnny/Documents/Projekt_RIOT/GPIO_REED_Kontakt/bin/samr21-xpro/board.a(board.o)
 .debug_abbrev  0x0000000000001bc5      0x284 /Users/Johnny/Documents/Projekt_RIOT/GPIO_REED_Kontakt/bin/samr21-xpro/core.a(kernel_init.o)
 .debug_abbrev  0x0000000000001e49      0x2c4 /Users/Johnny/Documents/Projekt_RIOT/GPIO_REED_Kontakt/bin/samr21-xpro/core.a(panic.o)
 .debug_abbrev  0x000000000000210d      0x37a /Users/Johnny/Documents/Projekt_RIOT/GPIO_REED_Kontakt/bin/samr21-xpro/core.a(thread.o)
 .debug_abbrev  0x0000000000002487      0x2d8 /Users/Johnny/Documents/Projekt_RIOT/GPIO_REED_Kontakt/bin/samr21-xpro/cpu.a(cpu.o)
 .debug_abbrev  0x000000000000275f      0x3ee /Users/Johnny/Documents/Projekt_RIOT/GPIO_REED_Kontakt/bin/samr21-xpro/isrpipe.a(isrpipe.o)
 .debug_abbrev  0x0000000000002b4d      0x301 /Users/Johnny/Documents/Projekt_RIOT/GPIO_REED_Kontakt/bin/samr21-xpro/periph.a(pm.o)
 .debug_abbrev  0x0000000000002e4e      0x271 /Users/Johnny/Documents/Projekt_RIOT/GPIO_REED_Kontakt/bin/samr21-xpro/ps.a(ps.o)
 .debug_abbrev  0x00000000000030bf      0x43d /Users/Johnny/Documents/Projekt_RIOT/GPIO_REED_Kontakt/bin/samr21-xpro/sam0_common_periph.a(gpio.o)
 .debug_abbrev  0x00000000000034fc      0x46d /Users/Johnny/Documents/Projekt_RIOT/GPIO_REED_Kontakt/bin/samr21-xpro/sam0_common_periph.a(uart.o)
 .debug_abbrev  0x0000000000003969      0x16f /Users/Johnny/Documents/Projekt_RIOT/GPIO_REED_Kontakt/bin/samr21-xpro/tsrb.a(tsrb.o)
 .debug_abbrev  0x0000000000003ad8       0x2d /Users/Johnny/Documents/Projekt_RIOT/GPIO_REED_Kontakt/bin/samr21-xpro/periph_common.a(init.o)
 .debug_abbrev  0x0000000000003b05      0x312 /Users/Johnny/Documents/Projekt_RIOT/GPIO_REED_Kontakt/bin/samr21-xpro/GPIO_TEST.a(main.o)
 .debug_abbrev  0x0000000000003e17      0x1c3 /Users/Johnny/Documents/Projekt_RIOT/GPIO_REED_Kontakt/bin/samr21-xpro/auto_init.a(auto_init.o)
 .debug_abbrev  0x0000000000003fda      0x2d9 /Users/Johnny/Documents/Projekt_RIOT/GPIO_REED_Kontakt/bin/samr21-xpro/core.a(mutex.o)
 .debug_abbrev  0x00000000000042b3      0x28e /Users/Johnny/Documents/Projekt_RIOT/GPIO_REED_Kontakt/bin/samr21-xpro/cortexm_common.a(cortexm_init.o)
 .debug_abbrev  0x0000000000004541      0x3aa /Users/Johnny/Documents/Projekt_RIOT/GPIO_REED_Kontakt/bin/samr21-xpro/shell.a(shell.o)
 .debug_abbrev  0x00000000000048eb      0x19e /Users/Johnny/Documents/Projekt_RIOT/GPIO_REED_Kontakt/bin/samr21-xpro/shell_commands.a(shell_commands.o)
 .debug_abbrev  0x0000000000004a89      0x201 /Users/Johnny/Documents/Projekt_RIOT/GPIO_REED_Kontakt/bin/samr21-xpro/shell_commands.a(sc_sys.o)
 .debug_abbrev  0x0000000000004c8a       0x7b /Users/Johnny/Documents/Projekt_RIOT/GPIO_REED_Kontakt/bin/samr21-xpro/shell_commands.a(sc_ps.o)
 .debug_abbrev  0x0000000000004d05      0x210 /Users/Johnny/Documents/Projekt_RIOT/GPIO_REED_Kontakt/bin/samr21-xpro/cortexm_common_periph.a(pm.o)

.debug_aranges  0x0000000000000000      0x648
 .debug_aranges
                0x0000000000000000       0x20 /Users/Johnny/Documents/Projekt_RIOT/GPIO_REED_Kontakt/bin/samr21-xpro/cpu/vectors.o
 .debug_aranges
                0x0000000000000020       0xa0 /Users/Johnny/Documents/Projekt_RIOT/GPIO_REED_Kontakt/bin/samr21-xpro/newlib_syscalls_default/syscalls.o
 .debug_aranges
                0x00000000000000c0       0x38 /Users/Johnny/Documents/Projekt_RIOT/GPIO_REED_Kontakt/bin/samr21-xpro/core.a(sched.o)
 .debug_aranges
                0x00000000000000f8       0x30 /Users/Johnny/Documents/Projekt_RIOT/GPIO_REED_Kontakt/bin/samr21-xpro/core.a(bitarithm.o)
 .debug_aranges
                0x0000000000000128       0x60 /Users/Johnny/Documents/Projekt_RIOT/GPIO_REED_Kontakt/bin/samr21-xpro/cortexm_common.a(thread_arch.o)
 .debug_aranges
                0x0000000000000188       0x48 /Users/Johnny/Documents/Projekt_RIOT/GPIO_REED_Kontakt/bin/samr21-xpro/cortexm_common.a(vectors_cortexm.o)
 .debug_aranges
                0x00000000000001d0       0x38 /Users/Johnny/Documents/Projekt_RIOT/GPIO_REED_Kontakt/bin/samr21-xpro/cortexm_common.a(irq_arch.o)
 .debug_aranges
                0x0000000000000208       0x38 /Users/Johnny/Documents/Projekt_RIOT/GPIO_REED_Kontakt/bin/samr21-xpro/pm_layered.a(pm.o)
 .debug_aranges
                0x0000000000000240       0x30 /Users/Johnny/Documents/Projekt_RIOT/GPIO_REED_Kontakt/bin/samr21-xpro/uart_stdio.a(uart_stdio.o)
 .debug_aranges
                0x0000000000000270       0x20 /Users/Johnny/Documents/Projekt_RIOT/GPIO_REED_Kontakt/bin/samr21-xpro/board.a(board.o)
 .debug_aranges
                0x0000000000000290       0x30 /Users/Johnny/Documents/Projekt_RIOT/GPIO_REED_Kontakt/bin/samr21-xpro/core.a(kernel_init.o)
 .debug_aranges
                0x00000000000002c0       0x28 /Users/Johnny/Documents/Projekt_RIOT/GPIO_REED_Kontakt/bin/samr21-xpro/core.a(panic.o)
 .debug_aranges
                0x00000000000002e8       0x60 /Users/Johnny/Documents/Projekt_RIOT/GPIO_REED_Kontakt/bin/samr21-xpro/core.a(thread.o)
 .debug_aranges
                0x0000000000000348       0x20 /Users/Johnny/Documents/Projekt_RIOT/GPIO_REED_Kontakt/bin/samr21-xpro/cpu.a(cpu.o)
 .debug_aranges
                0x0000000000000368       0x48 /Users/Johnny/Documents/Projekt_RIOT/GPIO_REED_Kontakt/bin/samr21-xpro/isrpipe.a(isrpipe.o)
 .debug_aranges
                0x00000000000003b0       0x20 /Users/Johnny/Documents/Projekt_RIOT/GPIO_REED_Kontakt/bin/samr21-xpro/periph.a(pm.o)
 .debug_aranges
                0x00000000000003d0       0x20 /Users/Johnny/Documents/Projekt_RIOT/GPIO_REED_Kontakt/bin/samr21-xpro/ps.a(ps.o)
 .debug_aranges
                0x00000000000003f0       0x70 /Users/Johnny/Documents/Projekt_RIOT/GPIO_REED_Kontakt/bin/samr21-xpro/sam0_common_periph.a(gpio.o)
 .debug_aranges
                0x0000000000000460       0x50 /Users/Johnny/Documents/Projekt_RIOT/GPIO_REED_Kontakt/bin/samr21-xpro/sam0_common_periph.a(uart.o)
 .debug_aranges
                0x00000000000004b0       0x38 /Users/Johnny/Documents/Projekt_RIOT/GPIO_REED_Kontakt/bin/samr21-xpro/tsrb.a(tsrb.o)
 .debug_aranges
                0x00000000000004e8       0x20 /Users/Johnny/Documents/Projekt_RIOT/GPIO_REED_Kontakt/bin/samr21-xpro/periph_common.a(init.o)
 .debug_aranges
                0x0000000000000508       0x28 /Users/Johnny/Documents/Projekt_RIOT/GPIO_REED_Kontakt/bin/samr21-xpro/GPIO_TEST.a(main.o)
 .debug_aranges
                0x0000000000000530       0x20 /Users/Johnny/Documents/Projekt_RIOT/GPIO_REED_Kontakt/bin/samr21-xpro/auto_init.a(auto_init.o)
 .debug_aranges
                0x0000000000000550       0x30 /Users/Johnny/Documents/Projekt_RIOT/GPIO_REED_Kontakt/bin/samr21-xpro/core.a(mutex.o)
 .debug_aranges
                0x0000000000000580       0x20 /Users/Johnny/Documents/Projekt_RIOT/GPIO_REED_Kontakt/bin/samr21-xpro/cortexm_common.a(cortexm_init.o)
 .debug_aranges
                0x00000000000005a0       0x30 /Users/Johnny/Documents/Projekt_RIOT/GPIO_REED_Kontakt/bin/samr21-xpro/shell.a(shell.o)
 .debug_aranges
                0x00000000000005d0       0x18 /Users/Johnny/Documents/Projekt_RIOT/GPIO_REED_Kontakt/bin/samr21-xpro/shell_commands.a(shell_commands.o)
 .debug_aranges
                0x00000000000005e8       0x20 /Users/Johnny/Documents/Projekt_RIOT/GPIO_REED_Kontakt/bin/samr21-xpro/shell_commands.a(sc_sys.o)
 .debug_aranges
                0x0000000000000608       0x20 /Users/Johnny/Documents/Projekt_RIOT/GPIO_REED_Kontakt/bin/samr21-xpro/shell_commands.a(sc_ps.o)
 .debug_aranges
                0x0000000000000628       0x20 /Users/Johnny/Documents/Projekt_RIOT/GPIO_REED_Kontakt/bin/samr21-xpro/cortexm_common_periph.a(pm.o)

.debug_ranges   0x0000000000000000      0xa40
 .debug_ranges  0x0000000000000000       0x10 /Users/Johnny/Documents/Projekt_RIOT/GPIO_REED_Kontakt/bin/samr21-xpro/cpu/vectors.o
 .debug_ranges  0x0000000000000010       0x90 /Users/Johnny/Documents/Projekt_RIOT/GPIO_REED_Kontakt/bin/samr21-xpro/newlib_syscalls_default/syscalls.o
 .debug_ranges  0x00000000000000a0       0x90 /Users/Johnny/Documents/Projekt_RIOT/GPIO_REED_Kontakt/bin/samr21-xpro/core.a(sched.o)
 .debug_ranges  0x0000000000000130       0x20 /Users/Johnny/Documents/Projekt_RIOT/GPIO_REED_Kontakt/bin/samr21-xpro/core.a(bitarithm.o)
 .debug_ranges  0x0000000000000150       0x68 /Users/Johnny/Documents/Projekt_RIOT/GPIO_REED_Kontakt/bin/samr21-xpro/cortexm_common.a(thread_arch.o)
 .debug_ranges  0x00000000000001b8       0x38 /Users/Johnny/Documents/Projekt_RIOT/GPIO_REED_Kontakt/bin/samr21-xpro/cortexm_common.a(vectors_cortexm.o)
 .debug_ranges  0x00000000000001f0       0x28 /Users/Johnny/Documents/Projekt_RIOT/GPIO_REED_Kontakt/bin/samr21-xpro/cortexm_common.a(irq_arch.o)
 .debug_ranges  0x0000000000000218       0x28 /Users/Johnny/Documents/Projekt_RIOT/GPIO_REED_Kontakt/bin/samr21-xpro/pm_layered.a(pm.o)
 .debug_ranges  0x0000000000000240       0x20 /Users/Johnny/Documents/Projekt_RIOT/GPIO_REED_Kontakt/bin/samr21-xpro/uart_stdio.a(uart_stdio.o)
 .debug_ranges  0x0000000000000260       0x10 /Users/Johnny/Documents/Projekt_RIOT/GPIO_REED_Kontakt/bin/samr21-xpro/board.a(board.o)
 .debug_ranges  0x0000000000000270       0x20 /Users/Johnny/Documents/Projekt_RIOT/GPIO_REED_Kontakt/bin/samr21-xpro/core.a(kernel_init.o)
 .debug_ranges  0x0000000000000290       0x18 /Users/Johnny/Documents/Projekt_RIOT/GPIO_REED_Kontakt/bin/samr21-xpro/core.a(panic.o)
 .debug_ranges  0x00000000000002a8       0x98 /Users/Johnny/Documents/Projekt_RIOT/GPIO_REED_Kontakt/bin/samr21-xpro/core.a(thread.o)
 .debug_ranges  0x0000000000000340       0x28 /Users/Johnny/Documents/Projekt_RIOT/GPIO_REED_Kontakt/bin/samr21-xpro/cpu.a(cpu.o)
 .debug_ranges  0x0000000000000368       0x68 /Users/Johnny/Documents/Projekt_RIOT/GPIO_REED_Kontakt/bin/samr21-xpro/isrpipe.a(isrpipe.o)
 .debug_ranges  0x00000000000003d0       0x28 /Users/Johnny/Documents/Projekt_RIOT/GPIO_REED_Kontakt/bin/samr21-xpro/periph.a(pm.o)
 .debug_ranges  0x00000000000003f8       0x10 /Users/Johnny/Documents/Projekt_RIOT/GPIO_REED_Kontakt/bin/samr21-xpro/ps.a(ps.o)
 .debug_ranges  0x0000000000000408      0x1c8 /Users/Johnny/Documents/Projekt_RIOT/GPIO_REED_Kontakt/bin/samr21-xpro/sam0_common_periph.a(gpio.o)
 .debug_ranges  0x00000000000005d0      0x128 /Users/Johnny/Documents/Projekt_RIOT/GPIO_REED_Kontakt/bin/samr21-xpro/sam0_common_periph.a(uart.o)
 .debug_ranges  0x00000000000006f8       0x90 /Users/Johnny/Documents/Projekt_RIOT/GPIO_REED_Kontakt/bin/samr21-xpro/tsrb.a(tsrb.o)
 .debug_ranges  0x0000000000000788       0x10 /Users/Johnny/Documents/Projekt_RIOT/GPIO_REED_Kontakt/bin/samr21-xpro/periph_common.a(init.o)
 .debug_ranges  0x0000000000000798       0x18 /Users/Johnny/Documents/Projekt_RIOT/GPIO_REED_Kontakt/bin/samr21-xpro/GPIO_TEST.a(main.o)
 .debug_ranges  0x00000000000007b0       0x10 /Users/Johnny/Documents/Projekt_RIOT/GPIO_REED_Kontakt/bin/samr21-xpro/auto_init.a(auto_init.o)
 .debug_ranges  0x00000000000007c0       0x80 /Users/Johnny/Documents/Projekt_RIOT/GPIO_REED_Kontakt/bin/samr21-xpro/core.a(mutex.o)
 .debug_ranges  0x0000000000000840       0x88 /Users/Johnny/Documents/Projekt_RIOT/GPIO_REED_Kontakt/bin/samr21-xpro/cortexm_common.a(cortexm_init.o)
 .debug_ranges  0x00000000000008c8      0x148 /Users/Johnny/Documents/Projekt_RIOT/GPIO_REED_Kontakt/bin/samr21-xpro/shell.a(shell.o)
 .debug_ranges  0x0000000000000a10       0x10 /Users/Johnny/Documents/Projekt_RIOT/GPIO_REED_Kontakt/bin/samr21-xpro/shell_commands.a(sc_sys.o)
 .debug_ranges  0x0000000000000a20       0x10 /Users/Johnny/Documents/Projekt_RIOT/GPIO_REED_Kontakt/bin/samr21-xpro/shell_commands.a(sc_ps.o)
 .debug_ranges  0x0000000000000a30       0x10 /Users/Johnny/Documents/Projekt_RIOT/GPIO_REED_Kontakt/bin/samr21-xpro/cortexm_common_periph.a(pm.o)

.debug_macro    0x0000000000000000    0x2a4c6
 .debug_macro   0x0000000000000000      0x301 /Users/Johnny/Documents/Projekt_RIOT/GPIO_REED_Kontakt/bin/samr21-xpro/cpu/vectors.o
 .debug_macro   0x0000000000000301      0x898 /Users/Johnny/Documents/Projekt_RIOT/GPIO_REED_Kontakt/bin/samr21-xpro/cpu/vectors.o
 .debug_macro   0x0000000000000b99       0xf4 /Users/Johnny/Documents/Projekt_RIOT/GPIO_REED_Kontakt/bin/samr21-xpro/cpu/vectors.o
 .debug_macro   0x0000000000000c8d       0x22 /Users/Johnny/Documents/Projekt_RIOT/GPIO_REED_Kontakt/bin/samr21-xpro/cpu/vectors.o
 .debug_macro   0x0000000000000caf       0x4f /Users/Johnny/Documents/Projekt_RIOT/GPIO_REED_Kontakt/bin/samr21-xpro/cpu/vectors.o
 .debug_macro   0x0000000000000cfe       0x51 /Users/Johnny/Documents/Projekt_RIOT/GPIO_REED_Kontakt/bin/samr21-xpro/cpu/vectors.o
 .debug_macro   0x0000000000000d4f       0xef /Users/Johnny/Documents/Projekt_RIOT/GPIO_REED_Kontakt/bin/samr21-xpro/cpu/vectors.o
 .debug_macro   0x0000000000000e3e       0x6a /Users/Johnny/Documents/Projekt_RIOT/GPIO_REED_Kontakt/bin/samr21-xpro/cpu/vectors.o
 .debug_macro   0x0000000000000ea8      0x1df /Users/Johnny/Documents/Projekt_RIOT/GPIO_REED_Kontakt/bin/samr21-xpro/cpu/vectors.o
 .debug_macro   0x0000000000001087       0x22 /Users/Johnny/Documents/Projekt_RIOT/GPIO_REED_Kontakt/bin/samr21-xpro/cpu/vectors.o
 .debug_macro   0x00000000000010a9       0x40 /Users/Johnny/Documents/Projekt_RIOT/GPIO_REED_Kontakt/bin/samr21-xpro/cpu/vectors.o
 .debug_macro   0x00000000000010e9       0x3a /Users/Johnny/Documents/Projekt_RIOT/GPIO_REED_Kontakt/bin/samr21-xpro/cpu/vectors.o
 .debug_macro   0x0000000000001123       0x26 /Users/Johnny/Documents/Projekt_RIOT/GPIO_REED_Kontakt/bin/samr21-xpro/cpu/vectors.o
 .debug_macro   0x0000000000001149      0x329 /Users/Johnny/Documents/Projekt_RIOT/GPIO_REED_Kontakt/bin/samr21-xpro/cpu/vectors.o
 .debug_macro   0x0000000000001472      0x682 /Users/Johnny/Documents/Projekt_RIOT/GPIO_REED_Kontakt/bin/samr21-xpro/cpu/vectors.o
 .debug_macro   0x0000000000001af4      0x8bf /Users/Johnny/Documents/Projekt_RIOT/GPIO_REED_Kontakt/bin/samr21-xpro/cpu/vectors.o
 .debug_macro   0x00000000000023b3      0xd6a /Users/Johnny/Documents/Projekt_RIOT/GPIO_REED_Kontakt/bin/samr21-xpro/cpu/vectors.o
 .debug_macro   0x000000000000311d      0x4ce /Users/Johnny/Documents/Projekt_RIOT/GPIO_REED_Kontakt/bin/samr21-xpro/cpu/vectors.o
 .debug_macro   0x00000000000035eb      0x9f8 /Users/Johnny/Documents/Projekt_RIOT/GPIO_REED_Kontakt/bin/samr21-xpro/cpu/vectors.o
 .debug_macro   0x0000000000003fe3      0x82b /Users/Johnny/Documents/Projekt_RIOT/GPIO_REED_Kontakt/bin/samr21-xpro/cpu/vectors.o
 .debug_macro   0x000000000000480e      0x45f /Users/Johnny/Documents/Projekt_RIOT/GPIO_REED_Kontakt/bin/samr21-xpro/cpu/vectors.o
 .debug_macro   0x0000000000004c6d       0x5e /Users/Johnny/Documents/Projekt_RIOT/GPIO_REED_Kontakt/bin/samr21-xpro/cpu/vectors.o
 .debug_macro   0x0000000000004ccb      0x225 /Users/Johnny/Documents/Projekt_RIOT/GPIO_REED_Kontakt/bin/samr21-xpro/cpu/vectors.o
 .debug_macro   0x0000000000004ef0      0x797 /Users/Johnny/Documents/Projekt_RIOT/GPIO_REED_Kontakt/bin/samr21-xpro/cpu/vectors.o
 .debug_macro   0x0000000000005687       0x5e /Users/Johnny/Documents/Projekt_RIOT/GPIO_REED_Kontakt/bin/samr21-xpro/cpu/vectors.o
 .debug_macro   0x00000000000056e5      0x60a /Users/Johnny/Documents/Projekt_RIOT/GPIO_REED_Kontakt/bin/samr21-xpro/cpu/vectors.o
 .debug_macro   0x0000000000005cef      0x3b6 /Users/Johnny/Documents/Projekt_RIOT/GPIO_REED_Kontakt/bin/samr21-xpro/cpu/vectors.o
 .debug_macro   0x00000000000060a5       0x94 /Users/Johnny/Documents/Projekt_RIOT/GPIO_REED_Kontakt/bin/samr21-xpro/cpu/vectors.o
 .debug_macro   0x0000000000006139      0xc55 /Users/Johnny/Documents/Projekt_RIOT/GPIO_REED_Kontakt/bin/samr21-xpro/cpu/vectors.o
 .debug_macro   0x0000000000006d8e     0x1092 /Users/Johnny/Documents/Projekt_RIOT/GPIO_REED_Kontakt/bin/samr21-xpro/cpu/vectors.o
 .debug_macro   0x0000000000007e20      0xc4a /Users/Johnny/Documents/Projekt_RIOT/GPIO_REED_Kontakt/bin/samr21-xpro/cpu/vectors.o
 .debug_macro   0x0000000000008a6a      0x6bf /Users/Johnny/Documents/Projekt_RIOT/GPIO_REED_Kontakt/bin/samr21-xpro/cpu/vectors.o
 .debug_macro   0x0000000000009129     0x1b4b /Users/Johnny/Documents/Projekt_RIOT/GPIO_REED_Kontakt/bin/samr21-xpro/cpu/vectors.o
 .debug_macro   0x000000000000ac74     0x144a /Users/Johnny/Documents/Projekt_RIOT/GPIO_REED_Kontakt/bin/samr21-xpro/cpu/vectors.o
 .debug_macro   0x000000000000c0be      0x34e /Users/Johnny/Documents/Projekt_RIOT/GPIO_REED_Kontakt/bin/samr21-xpro/cpu/vectors.o
 .debug_macro   0x000000000000c40c       0x7c /Users/Johnny/Documents/Projekt_RIOT/GPIO_REED_Kontakt/bin/samr21-xpro/cpu/vectors.o
 .debug_macro   0x000000000000c488       0xa0 /Users/Johnny/Documents/Projekt_RIOT/GPIO_REED_Kontakt/bin/samr21-xpro/cpu/vectors.o
 .debug_macro   0x000000000000c528       0xca /Users/Johnny/Documents/Projekt_RIOT/GPIO_REED_Kontakt/bin/samr21-xpro/cpu/vectors.o
 .debug_macro   0x000000000000c5f2       0x94 /Users/Johnny/Documents/Projekt_RIOT/GPIO_REED_Kontakt/bin/samr21-xpro/cpu/vectors.o
 .debug_macro   0x000000000000c686       0x58 /Users/Johnny/Documents/Projekt_RIOT/GPIO_REED_Kontakt/bin/samr21-xpro/cpu/vectors.o
 .debug_macro   0x000000000000c6de      0x364 /Users/Johnny/Documents/Projekt_RIOT/GPIO_REED_Kontakt/bin/samr21-xpro/cpu/vectors.o
 .debug_macro   0x000000000000ca42       0x82 /Users/Johnny/Documents/Projekt_RIOT/GPIO_REED_Kontakt/bin/samr21-xpro/cpu/vectors.o
 .debug_macro   0x000000000000cac4      0x197 /Users/Johnny/Documents/Projekt_RIOT/GPIO_REED_Kontakt/bin/samr21-xpro/cpu/vectors.o
 .debug_macro   0x000000000000cc5b       0xa0 /Users/Johnny/Documents/Projekt_RIOT/GPIO_REED_Kontakt/bin/samr21-xpro/cpu/vectors.o
 .debug_macro   0x000000000000ccfb       0xb2 /Users/Johnny/Documents/Projekt_RIOT/GPIO_REED_Kontakt/bin/samr21-xpro/cpu/vectors.o
 .debug_macro   0x000000000000cdad       0x1c /Users/Johnny/Documents/Projekt_RIOT/GPIO_REED_Kontakt/bin/samr21-xpro/cpu/vectors.o
 .debug_macro   0x000000000000cdc9       0x1c /Users/Johnny/Documents/Projekt_RIOT/GPIO_REED_Kontakt/bin/samr21-xpro/cpu/vectors.o
 .debug_macro   0x000000000000cde5       0x1c /Users/Johnny/Documents/Projekt_RIOT/GPIO_REED_Kontakt/bin/samr21-xpro/cpu/vectors.o
 .debug_macro   0x000000000000ce01       0x7c /Users/Johnny/Documents/Projekt_RIOT/GPIO_REED_Kontakt/bin/samr21-xpro/cpu/vectors.o
 .debug_macro   0x000000000000ce7d      0x1c6 /Users/Johnny/Documents/Projekt_RIOT/GPIO_REED_Kontakt/bin/samr21-xpro/cpu/vectors.o
 .debug_macro   0x000000000000d043       0x16 /Users/Johnny/Documents/Projekt_RIOT/GPIO_REED_Kontakt/bin/samr21-xpro/cpu/vectors.o
 .debug_macro   0x000000000000d059       0xdc /Users/Johnny/Documents/Projekt_RIOT/GPIO_REED_Kontakt/bin/samr21-xpro/cpu/vectors.o
 .debug_macro   0x000000000000d135      0x12f /Users/Johnny/Documents/Projekt_RIOT/GPIO_REED_Kontakt/bin/samr21-xpro/cpu/vectors.o
 .debug_macro   0x000000000000d264      0x12f /Users/Johnny/Documents/Projekt_RIOT/GPIO_REED_Kontakt/bin/samr21-xpro/cpu/vectors.o
 .debug_macro   0x000000000000d393      0x12f /Users/Johnny/Documents/Projekt_RIOT/GPIO_REED_Kontakt/bin/samr21-xpro/cpu/vectors.o
 .debug_macro   0x000000000000d4c2      0x12f /Users/Johnny/Documents/Projekt_RIOT/GPIO_REED_Kontakt/bin/samr21-xpro/cpu/vectors.o
 .debug_macro   0x000000000000d5f1      0x12f /Users/Johnny/Documents/Projekt_RIOT/GPIO_REED_Kontakt/bin/samr21-xpro/cpu/vectors.o
 .debug_macro   0x000000000000d720      0x12f /Users/Johnny/Documents/Projekt_RIOT/GPIO_REED_Kontakt/bin/samr21-xpro/cpu/vectors.o
 .debug_macro   0x000000000000d84f      0x11e /Users/Johnny/Documents/Projekt_RIOT/GPIO_REED_Kontakt/bin/samr21-xpro/cpu/vectors.o
 .debug_macro   0x000000000000d96d       0xe2 /Users/Johnny/Documents/Projekt_RIOT/GPIO_REED_Kontakt/bin/samr21-xpro/cpu/vectors.o
 .debug_macro   0x000000000000da4f       0xe2 /Users/Johnny/Documents/Projekt_RIOT/GPIO_REED_Kontakt/bin/samr21-xpro/cpu/vectors.o
 .debug_macro   0x000000000000db31       0xe2 /Users/Johnny/Documents/Projekt_RIOT/GPIO_REED_Kontakt/bin/samr21-xpro/cpu/vectors.o
 .debug_macro   0x000000000000dc13      0x12c /Users/Johnny/Documents/Projekt_RIOT/GPIO_REED_Kontakt/bin/samr21-xpro/cpu/vectors.o
 .debug_macro   0x000000000000dd3f      0x100 /Users/Johnny/Documents/Projekt_RIOT/GPIO_REED_Kontakt/bin/samr21-xpro/cpu/vectors.o
 .debug_macro   0x000000000000de3f       0xf4 /Users/Johnny/Documents/Projekt_RIOT/GPIO_REED_Kontakt/bin/samr21-xpro/cpu/vectors.o
 .debug_macro   0x000000000000df33      0x40f /Users/Johnny/Documents/Projekt_RIOT/GPIO_REED_Kontakt/bin/samr21-xpro/cpu/vectors.o
 .debug_macro   0x000000000000e342       0x40 /Users/Johnny/Documents/Projekt_RIOT/GPIO_REED_Kontakt/bin/samr21-xpro/cpu/vectors.o
 .debug_macro   0x000000000000e382      0x345 /Users/Johnny/Documents/Projekt_RIOT/GPIO_REED_Kontakt/bin/samr21-xpro/cpu/vectors.o
 .debug_macro   0x000000000000e6c7     0x174b /Users/Johnny/Documents/Projekt_RIOT/GPIO_REED_Kontakt/bin/samr21-xpro/cpu/vectors.o
 .debug_macro   0x000000000000fe12       0x74 /Users/Johnny/Documents/Projekt_RIOT/GPIO_REED_Kontakt/bin/samr21-xpro/cpu/vectors.o
 .debug_macro   0x000000000000fe86       0x2e /Users/Johnny/Documents/Projekt_RIOT/GPIO_REED_Kontakt/bin/samr21-xpro/cpu/vectors.o
 .debug_macro   0x000000000000feb4       0x16 /Users/Johnny/Documents/Projekt_RIOT/GPIO_REED_Kontakt/bin/samr21-xpro/cpu/vectors.o
 .debug_macro   0x000000000000feca      0x631 /Users/Johnny/Documents/Projekt_RIOT/GPIO_REED_Kontakt/bin/samr21-xpro/newlib_syscalls_default/syscalls.o
 .debug_macro   0x00000000000104fb      0x898 /Users/Johnny/Documents/Projekt_RIOT/GPIO_REED_Kontakt/bin/samr21-xpro/newlib_syscalls_default/syscalls.o
 .debug_macro   0x0000000000010d93       0x52 /Users/Johnny/Documents/Projekt_RIOT/GPIO_REED_Kontakt/bin/samr21-xpro/newlib_syscalls_default/syscalls.o
 .debug_macro   0x0000000000010de5       0x55 /Users/Johnny/Documents/Projekt_RIOT/GPIO_REED_Kontakt/bin/samr21-xpro/newlib_syscalls_default/syscalls.o
 .debug_macro   0x0000000000010e3a       0x35 /Users/Johnny/Documents/Projekt_RIOT/GPIO_REED_Kontakt/bin/samr21-xpro/newlib_syscalls_default/syscalls.o
 .debug_macro   0x0000000000010e6f       0x9c /Users/Johnny/Documents/Projekt_RIOT/GPIO_REED_Kontakt/bin/samr21-xpro/newlib_syscalls_default/syscalls.o
 .debug_macro   0x0000000000010f0b       0x10 /Users/Johnny/Documents/Projekt_RIOT/GPIO_REED_Kontakt/bin/samr21-xpro/newlib_syscalls_default/syscalls.o
 .debug_macro   0x0000000000010f1b       0x57 /Users/Johnny/Documents/Projekt_RIOT/GPIO_REED_Kontakt/bin/samr21-xpro/newlib_syscalls_default/syscalls.o
 .debug_macro   0x0000000000010f72       0xcf /Users/Johnny/Documents/Projekt_RIOT/GPIO_REED_Kontakt/bin/samr21-xpro/newlib_syscalls_default/syscalls.o
 .debug_macro   0x0000000000011041      0x353 /Users/Johnny/Documents/Projekt_RIOT/GPIO_REED_Kontakt/bin/samr21-xpro/newlib_syscalls_default/syscalls.o
 .debug_macro   0x0000000000011394       0x10 /Users/Johnny/Documents/Projekt_RIOT/GPIO_REED_Kontakt/bin/samr21-xpro/newlib_syscalls_default/syscalls.o
 .debug_macro   0x00000000000113a4       0xb7 /Users/Johnny/Documents/Projekt_RIOT/GPIO_REED_Kontakt/bin/samr21-xpro/newlib_syscalls_default/syscalls.o
 .debug_macro   0x000000000001145b       0x58 /Users/Johnny/Documents/Projekt_RIOT/GPIO_REED_Kontakt/bin/samr21-xpro/newlib_syscalls_default/syscalls.o
 .debug_macro   0x00000000000114b3       0x1f /Users/Johnny/Documents/Projekt_RIOT/GPIO_REED_Kontakt/bin/samr21-xpro/newlib_syscalls_default/syscalls.o
 .debug_macro   0x00000000000114d2       0x43 /Users/Johnny/Documents/Projekt_RIOT/GPIO_REED_Kontakt/bin/samr21-xpro/newlib_syscalls_default/syscalls.o
 .debug_macro   0x0000000000011515       0x20 /Users/Johnny/Documents/Projekt_RIOT/GPIO_REED_Kontakt/bin/samr21-xpro/newlib_syscalls_default/syscalls.o
 .debug_macro   0x0000000000011535       0xb6 /Users/Johnny/Documents/Projekt_RIOT/GPIO_REED_Kontakt/bin/samr21-xpro/newlib_syscalls_default/syscalls.o
 .debug_macro   0x00000000000115eb      0x4fe /Users/Johnny/Documents/Projekt_RIOT/GPIO_REED_Kontakt/bin/samr21-xpro/newlib_syscalls_default/syscalls.o
 .debug_macro   0x0000000000011ae9      0x187 /Users/Johnny/Documents/Projekt_RIOT/GPIO_REED_Kontakt/bin/samr21-xpro/newlib_syscalls_default/syscalls.o
 .debug_macro   0x0000000000011c70       0x10 /Users/Johnny/Documents/Projekt_RIOT/GPIO_REED_Kontakt/bin/samr21-xpro/newlib_syscalls_default/syscalls.o
 .debug_macro   0x0000000000011c80       0x35 /Users/Johnny/Documents/Projekt_RIOT/GPIO_REED_Kontakt/bin/samr21-xpro/newlib_syscalls_default/syscalls.o
 .debug_macro   0x0000000000011cb5       0x10 /Users/Johnny/Documents/Projekt_RIOT/GPIO_REED_Kontakt/bin/samr21-xpro/newlib_syscalls_default/syscalls.o
 .debug_macro   0x0000000000011cc5      0x241 /Users/Johnny/Documents/Projekt_RIOT/GPIO_REED_Kontakt/bin/samr21-xpro/newlib_syscalls_default/syscalls.o
 .debug_macro   0x0000000000011f06       0x16 /Users/Johnny/Documents/Projekt_RIOT/GPIO_REED_Kontakt/bin/samr21-xpro/newlib_syscalls_default/syscalls.o
 .debug_macro   0x0000000000011f1c       0x10 /Users/Johnny/Documents/Projekt_RIOT/GPIO_REED_Kontakt/bin/samr21-xpro/newlib_syscalls_default/syscalls.o
 .debug_macro   0x0000000000011f2c       0x16 /Users/Johnny/Documents/Projekt_RIOT/GPIO_REED_Kontakt/bin/samr21-xpro/newlib_syscalls_default/syscalls.o
 .debug_macro   0x0000000000011f42      0x130 /Users/Johnny/Documents/Projekt_RIOT/GPIO_REED_Kontakt/bin/samr21-xpro/newlib_syscalls_default/syscalls.o
 .debug_macro   0x0000000000012072       0x16 /Users/Johnny/Documents/Projekt_RIOT/GPIO_REED_Kontakt/bin/samr21-xpro/newlib_syscalls_default/syscalls.o
 .debug_macro   0x0000000000012088       0x22 /Users/Johnny/Documents/Projekt_RIOT/GPIO_REED_Kontakt/bin/samr21-xpro/newlib_syscalls_default/syscalls.o
 .debug_macro   0x00000000000120aa       0x16 /Users/Johnny/Documents/Projekt_RIOT/GPIO_REED_Kontakt/bin/samr21-xpro/newlib_syscalls_default/syscalls.o
 .debug_macro   0x00000000000120c0       0x16 /Users/Johnny/Documents/Projekt_RIOT/GPIO_REED_Kontakt/bin/samr21-xpro/newlib_syscalls_default/syscalls.o
 .debug_macro   0x00000000000120d6       0x10 /Users/Johnny/Documents/Projekt_RIOT/GPIO_REED_Kontakt/bin/samr21-xpro/newlib_syscalls_default/syscalls.o
 .debug_macro   0x00000000000120e6       0x10 /Users/Johnny/Documents/Projekt_RIOT/GPIO_REED_Kontakt/bin/samr21-xpro/newlib_syscalls_default/syscalls.o
 .debug_macro   0x00000000000120f6       0x2e /Users/Johnny/Documents/Projekt_RIOT/GPIO_REED_Kontakt/bin/samr21-xpro/newlib_syscalls_default/syscalls.o
 .debug_macro   0x0000000000012124       0xf5 /Users/Johnny/Documents/Projekt_RIOT/GPIO_REED_Kontakt/bin/samr21-xpro/newlib_syscalls_default/syscalls.o
 .debug_macro   0x0000000000012219       0x22 /Users/Johnny/Documents/Projekt_RIOT/GPIO_REED_Kontakt/bin/samr21-xpro/newlib_syscalls_default/syscalls.o
 .debug_macro   0x000000000001223b       0x28 /Users/Johnny/Documents/Projekt_RIOT/GPIO_REED_Kontakt/bin/samr21-xpro/newlib_syscalls_default/syscalls.o
 .debug_macro   0x0000000000012263       0xdc /Users/Johnny/Documents/Projekt_RIOT/GPIO_REED_Kontakt/bin/samr21-xpro/newlib_syscalls_default/syscalls.o
 .debug_macro   0x000000000001233f       0x10 /Users/Johnny/Documents/Projekt_RIOT/GPIO_REED_Kontakt/bin/samr21-xpro/newlib_syscalls_default/syscalls.o
 .debug_macro   0x000000000001234f      0x45d /Users/Johnny/Documents/Projekt_RIOT/GPIO_REED_Kontakt/bin/samr21-xpro/newlib_syscalls_default/syscalls.o
 .debug_macro   0x00000000000127ac       0x2b /Users/Johnny/Documents/Projekt_RIOT/GPIO_REED_Kontakt/bin/samr21-xpro/newlib_syscalls_default/syscalls.o
 .debug_macro   0x00000000000127d7       0xee /Users/Johnny/Documents/Projekt_RIOT/GPIO_REED_Kontakt/bin/samr21-xpro/newlib_syscalls_default/syscalls.o
 .debug_macro   0x00000000000128c5       0x28 /Users/Johnny/Documents/Projekt_RIOT/GPIO_REED_Kontakt/bin/samr21-xpro/newlib_syscalls_default/syscalls.o
 .debug_macro   0x00000000000128ed       0x12 /Users/Johnny/Documents/Projekt_RIOT/GPIO_REED_Kontakt/bin/samr21-xpro/newlib_syscalls_default/syscalls.o
 .debug_macro   0x00000000000128ff       0x9e /Users/Johnny/Documents/Projekt_RIOT/GPIO_REED_Kontakt/bin/samr21-xpro/newlib_syscalls_default/syscalls.o
 .debug_macro   0x000000000001299d       0x10 /Users/Johnny/Documents/Projekt_RIOT/GPIO_REED_Kontakt/bin/samr21-xpro/newlib_syscalls_default/syscalls.o
 .debug_macro   0x00000000000129ad       0x60 /Users/Johnny/Documents/Projekt_RIOT/GPIO_REED_Kontakt/bin/samr21-xpro/newlib_syscalls_default/syscalls.o
 .debug_macro   0x0000000000012a0d       0x10 /Users/Johnny/Documents/Projekt_RIOT/GPIO_REED_Kontakt/bin/samr21-xpro/newlib_syscalls_default/syscalls.o
 .debug_macro   0x0000000000012a1d      0x199 /Users/Johnny/Documents/Projekt_RIOT/GPIO_REED_Kontakt/bin/samr21-xpro/newlib_syscalls_default/syscalls.o
 .debug_macro   0x0000000000012bb6       0x4c /Users/Johnny/Documents/Projekt_RIOT/GPIO_REED_Kontakt/bin/samr21-xpro/newlib_syscalls_default/syscalls.o
 .debug_macro   0x0000000000012c02       0x34 /Users/Johnny/Documents/Projekt_RIOT/GPIO_REED_Kontakt/bin/samr21-xpro/newlib_syscalls_default/syscalls.o
 .debug_macro   0x0000000000012c36       0x10 /Users/Johnny/Documents/Projekt_RIOT/GPIO_REED_Kontakt/bin/samr21-xpro/newlib_syscalls_default/syscalls.o
 .debug_macro   0x0000000000012c46       0x1c /Users/Johnny/Documents/Projekt_RIOT/GPIO_REED_Kontakt/bin/samr21-xpro/newlib_syscalls_default/syscalls.o
 .debug_macro   0x0000000000012c62      0x526 /Users/Johnny/Documents/Projekt_RIOT/GPIO_REED_Kontakt/bin/samr21-xpro/core.a(sched.o)
 .debug_macro   0x0000000000013188      0x898 /Users/Johnny/Documents/Projekt_RIOT/GPIO_REED_Kontakt/bin/samr21-xpro/core.a(sched.o)
 .debug_macro   0x0000000000013a20      0x16d /Users/Johnny/Documents/Projekt_RIOT/GPIO_REED_Kontakt/bin/samr21-xpro/core.a(sched.o)
 .debug_macro   0x0000000000013b8d       0x58 /Users/Johnny/Documents/Projekt_RIOT/GPIO_REED_Kontakt/bin/samr21-xpro/core.a(sched.o)
 .debug_macro   0x0000000000013be5       0x25 /Users/Johnny/Documents/Projekt_RIOT/GPIO_REED_Kontakt/bin/samr21-xpro/core.a(sched.o)
 .debug_macro   0x0000000000013c0a       0xa2 /Users/Johnny/Documents/Projekt_RIOT/GPIO_REED_Kontakt/bin/samr21-xpro/core.a(sched.o)
 .debug_macro   0x0000000000013cac       0x2e /Users/Johnny/Documents/Projekt_RIOT/GPIO_REED_Kontakt/bin/samr21-xpro/core.a(sched.o)
 .debug_macro   0x0000000000013cda      0x145 /Users/Johnny/Documents/Projekt_RIOT/GPIO_REED_Kontakt/bin/samr21-xpro/core.a(sched.o)
 .debug_macro   0x0000000000013e1f       0x16 /Users/Johnny/Documents/Projekt_RIOT/GPIO_REED_Kontakt/bin/samr21-xpro/core.a(sched.o)
 .debug_macro   0x0000000000013e35      0x139 /Users/Johnny/Documents/Projekt_RIOT/GPIO_REED_Kontakt/bin/samr21-xpro/core.a(bitarithm.o)
 .debug_macro   0x0000000000013f6e      0x898 /Users/Johnny/Documents/Projekt_RIOT/GPIO_REED_Kontakt/bin/samr21-xpro/core.a(bitarithm.o)
 .debug_macro   0x0000000000014806       0x97 /Users/Johnny/Documents/Projekt_RIOT/GPIO_REED_Kontakt/bin/samr21-xpro/core.a(bitarithm.o)
 .debug_macro   0x000000000001489d       0xf6 /Users/Johnny/Documents/Projekt_RIOT/GPIO_REED_Kontakt/bin/samr21-xpro/core.a(bitarithm.o)
 .debug_macro   0x0000000000014993      0x508 /Users/Johnny/Documents/Projekt_RIOT/GPIO_REED_Kontakt/bin/samr21-xpro/cortexm_common.a(thread_arch.o)
 .debug_macro   0x0000000000014e9b      0x898 /Users/Johnny/Documents/Projekt_RIOT/GPIO_REED_Kontakt/bin/samr21-xpro/cortexm_common.a(thread_arch.o)
 .debug_macro   0x0000000000015733       0x16 /Users/Johnny/Documents/Projekt_RIOT/GPIO_REED_Kontakt/bin/samr21-xpro/cortexm_common.a(thread_arch.o)
 .debug_macro   0x0000000000015749      0x566 /Users/Johnny/Documents/Projekt_RIOT/GPIO_REED_Kontakt/bin/samr21-xpro/cortexm_common.a(vectors_cortexm.o)
 .debug_macro   0x0000000000015caf      0x898 /Users/Johnny/Documents/Projekt_RIOT/GPIO_REED_Kontakt/bin/samr21-xpro/cortexm_common.a(vectors_cortexm.o)
 .debug_macro   0x0000000000016547       0x16 /Users/Johnny/Documents/Projekt_RIOT/GPIO_REED_Kontakt/bin/samr21-xpro/cortexm_common.a(vectors_cortexm.o)
 .debug_macro   0x000000000001655d       0x1c /Users/Johnny/Documents/Projekt_RIOT/GPIO_REED_Kontakt/bin/samr21-xpro/cortexm_common.a(vectors_cortexm.o)
 .debug_macro   0x0000000000016579      0x4f8 /Users/Johnny/Documents/Projekt_RIOT/GPIO_REED_Kontakt/bin/samr21-xpro/cortexm_common.a(irq_arch.o)
 .debug_macro   0x0000000000016a71      0x898 /Users/Johnny/Documents/Projekt_RIOT/GPIO_REED_Kontakt/bin/samr21-xpro/cortexm_common.a(irq_arch.o)
 .debug_macro   0x0000000000017309      0x556 /Users/Johnny/Documents/Projekt_RIOT/GPIO_REED_Kontakt/bin/samr21-xpro/pm_layered.a(pm.o)
 .debug_macro   0x000000000001785f      0x898 /Users/Johnny/Documents/Projekt_RIOT/GPIO_REED_Kontakt/bin/samr21-xpro/pm_layered.a(pm.o)
 .debug_macro   0x00000000000180f7       0x5a /Users/Johnny/Documents/Projekt_RIOT/GPIO_REED_Kontakt/bin/samr21-xpro/pm_layered.a(pm.o)
 .debug_macro   0x0000000000018151      0x5b4 /Users/Johnny/Documents/Projekt_RIOT/GPIO_REED_Kontakt/bin/samr21-xpro/uart_stdio.a(uart_stdio.o)
 .debug_macro   0x0000000000018705      0x898 /Users/Johnny/Documents/Projekt_RIOT/GPIO_REED_Kontakt/bin/samr21-xpro/uart_stdio.a(uart_stdio.o)
 .debug_macro   0x0000000000018f9d       0x16 /Users/Johnny/Documents/Projekt_RIOT/GPIO_REED_Kontakt/bin/samr21-xpro/uart_stdio.a(uart_stdio.o)
 .debug_macro   0x0000000000018fb3       0x10 /Users/Johnny/Documents/Projekt_RIOT/GPIO_REED_Kontakt/bin/samr21-xpro/uart_stdio.a(uart_stdio.o)
 .debug_macro   0x0000000000018fc3       0x16 /Users/Johnny/Documents/Projekt_RIOT/GPIO_REED_Kontakt/bin/samr21-xpro/uart_stdio.a(uart_stdio.o)
 .debug_macro   0x0000000000018fd9      0x53e /Users/Johnny/Documents/Projekt_RIOT/GPIO_REED_Kontakt/bin/samr21-xpro/board.a(board.o)
 .debug_macro   0x0000000000019517      0x898 /Users/Johnny/Documents/Projekt_RIOT/GPIO_REED_Kontakt/bin/samr21-xpro/board.a(board.o)
 .debug_macro   0x0000000000019daf      0x595 /Users/Johnny/Documents/Projekt_RIOT/GPIO_REED_Kontakt/bin/samr21-xpro/core.a(kernel_init.o)
 .debug_macro   0x000000000001a344      0x898 /Users/Johnny/Documents/Projekt_RIOT/GPIO_REED_Kontakt/bin/samr21-xpro/core.a(kernel_init.o)
 .debug_macro   0x000000000001abdc      0x23b /Users/Johnny/Documents/Projekt_RIOT/GPIO_REED_Kontakt/bin/samr21-xpro/core.a(kernel_init.o)
 .debug_macro   0x000000000001ae17      0x557 /Users/Johnny/Documents/Projekt_RIOT/GPIO_REED_Kontakt/bin/samr21-xpro/core.a(panic.o)
 .debug_macro   0x000000000001b36e      0x898 /Users/Johnny/Documents/Projekt_RIOT/GPIO_REED_Kontakt/bin/samr21-xpro/core.a(panic.o)
 .debug_macro   0x000000000001bc06       0x10 /Users/Johnny/Documents/Projekt_RIOT/GPIO_REED_Kontakt/bin/samr21-xpro/core.a(panic.o)
 .debug_macro   0x000000000001bc16       0x1c /Users/Johnny/Documents/Projekt_RIOT/GPIO_REED_Kontakt/bin/samr21-xpro/core.a(panic.o)
 .debug_macro   0x000000000001bc32      0x528 /Users/Johnny/Documents/Projekt_RIOT/GPIO_REED_Kontakt/bin/samr21-xpro/core.a(thread.o)
 .debug_macro   0x000000000001c15a      0x898 /Users/Johnny/Documents/Projekt_RIOT/GPIO_REED_Kontakt/bin/samr21-xpro/core.a(thread.o)
 .debug_macro   0x000000000001c9f2      0x53f /Users/Johnny/Documents/Projekt_RIOT/GPIO_REED_Kontakt/bin/samr21-xpro/cpu.a(cpu.o)
 .debug_macro   0x000000000001cf31      0x898 /Users/Johnny/Documents/Projekt_RIOT/GPIO_REED_Kontakt/bin/samr21-xpro/cpu.a(cpu.o)
 .debug_macro   0x000000000001d7c9      0x5f7 /Users/Johnny/Documents/Projekt_RIOT/GPIO_REED_Kontakt/bin/samr21-xpro/isrpipe.a(isrpipe.o)
 .debug_macro   0x000000000001ddc0      0x898 /Users/Johnny/Documents/Projekt_RIOT/GPIO_REED_Kontakt/bin/samr21-xpro/isrpipe.a(isrpipe.o)
 .debug_macro   0x000000000001e658       0x2e /Users/Johnny/Documents/Projekt_RIOT/GPIO_REED_Kontakt/bin/samr21-xpro/isrpipe.a(isrpipe.o)
 .debug_macro   0x000000000001e686       0x4a /Users/Johnny/Documents/Projekt_RIOT/GPIO_REED_Kontakt/bin/samr21-xpro/isrpipe.a(isrpipe.o)
 .debug_macro   0x000000000001e6d0       0x1c /Users/Johnny/Documents/Projekt_RIOT/GPIO_REED_Kontakt/bin/samr21-xpro/isrpipe.a(isrpipe.o)
 .debug_macro   0x000000000001e6ec       0x10 /Users/Johnny/Documents/Projekt_RIOT/GPIO_REED_Kontakt/bin/samr21-xpro/isrpipe.a(isrpipe.o)
 .debug_macro   0x000000000001e6fc       0x10 /Users/Johnny/Documents/Projekt_RIOT/GPIO_REED_Kontakt/bin/samr21-xpro/isrpipe.a(isrpipe.o)
 .debug_macro   0x000000000001e70c      0x550 /Users/Johnny/Documents/Projekt_RIOT/GPIO_REED_Kontakt/bin/samr21-xpro/periph.a(pm.o)
 .debug_macro   0x000000000001ec5c      0x898 /Users/Johnny/Documents/Projekt_RIOT/GPIO_REED_Kontakt/bin/samr21-xpro/periph.a(pm.o)
 .debug_macro   0x000000000001f4f4      0x4e9 /Users/Johnny/Documents/Projekt_RIOT/GPIO_REED_Kontakt/bin/samr21-xpro/ps.a(ps.o)